// Jest Snapshot v1, https://goo.gl/fbAQLP

exports[`<ResultItem /> renders without crashing 1`] = `
Object {
  "asFragment": [Function],
  "baseElement": .c5 {
  -webkit-user-select: none;
  -moz-user-select: none;
  -ms-user-select: none;
  user-select: none;
  width: 1em;
  height: 1em;
  display: inline-block;
  fill: currentColor;
  -webkit-flex-shrink: 0;
  -ms-flex-negative: 0;
  flex-shrink: 0;
  -webkit-transition: fill 200ms cubic-bezier(0.4,0,0.2,1) 0ms;
  transition: fill 200ms cubic-bezier(0.4,0,0.2,1) 0ms;
  font-size: 1.5rem;
}

.c1 {
  display: -webkit-inline-box;
  display: -webkit-inline-flex;
  display: -ms-inline-flexbox;
  display: inline-flex;
  -webkit-align-items: center;
  -webkit-box-align: center;
  -ms-flex-align: center;
  align-items: center;
  -webkit-box-pack: center;
  -webkit-justify-content: center;
  -ms-flex-pack: center;
  justify-content: center;
  position: relative;
  box-sizing: border-box;
  -webkit-tap-highlight-color: transparent;
  background-color: transparent;
  outline: 0;
  border: 0;
  margin: 0;
  border-radius: 0;
  padding: 0;
  cursor: pointer;
  -webkit-user-select: none;
  -moz-user-select: none;
  -ms-user-select: none;
  user-select: none;
  vertical-align: middle;
  -moz-appearance: none;
  -webkit-appearance: none;
  -webkit-text-decoration: none;
  text-decoration: none;
  color: inherit;
}

.c1::-moz-focus-inner {
  border-style: none;
}

.c1.Mui-disabled {
  pointer-events: none;
  cursor: default;
}

.c9 {
  margin: 0;
  font-family: -apple-system,BlinkMacSystemFont,"Segoe UI",Roboto,Oxygen,Ubuntu,Cantarell,"Fira Sans","Droid Sans","Helvetica Neue",Source Sans Pro,sans-serif;
  font-weight: normal;
  font-size: 1rem;
  line-height: 1.5;
  color: #00758e;
  margin-bottom: 7px;
}

.c10 {
  margin: 0;
  font-family: -apple-system,BlinkMacSystemFont,"Segoe UI",Roboto,Oxygen,Ubuntu,Cantarell,"Fira Sans","Droid Sans","Helvetica Neue",Source Sans Pro,sans-serif;
  font-weight: normal;
  font-size: 1rem;
  line-height: 1.5;
  color: #383838;
}

.c13 {
  margin: 0;
  font-family: -apple-system,BlinkMacSystemFont,"Segoe UI",Roboto,Oxygen,Ubuntu,Cantarell,"Fira Sans","Droid Sans","Helvetica Neue",Source Sans Pro,sans-serif;
  font-weight: normal;
  font-size: 1rem;
  line-height: 1.5;
}

.c6 {
  display: -webkit-box;
  display: -webkit-flex;
  display: -ms-flexbox;
  display: flex;
  -webkit-align-items: center;
  -webkit-box-align: center;
  -ms-flex-align: center;
  align-items: center;
}

.c8 {
  margin-left: 10px;
}

.c2 {
  padding: 9px;
  border-radius: 50%;
}

.c4 {
  cursor: inherit;
  position: absolute;
  opacity: 0;
  width: 100%;
  height: 100%;
  top: 0;
  left: 0;
  margin: 0;
  padding: 0;
  z-index: 1;
}

.c3 {
  color: rgba(0,0,0,0.6);
}

.c3:hover {
  background-color: rgba(0,117,142,0.04);
}

.c3.Mui-checked,
.c3.MuiCheckbox-indeterminate {
  color: #00758e;
}

.c3.Mui-disabled {
  color: rgba(0,0,0,0.26);
}

.c0 {
  display: grid;
  grid-template-rows: 1fr;
  grid-template-columns: 45px 1fr 78px;
  -webkit-align-items: center;
  -webkit-box-align: center;
  -ms-flex-align: center;
  align-items: center;
  padding: 12px 20px;
  background-color: #ffffff;
  box-shadow: 0px -1px 0px #dddddd;
  border-bottom: 1px solid #dddddd;
}

.c11 {
  display: -webkit-box;
  display: -webkit-flex;
  display: -ms-flexbox;
  display: flex;
  -webkit-flex-direction: column;
  -ms-flex-direction: column;
  flex-direction: column;
  -webkit-align-items: center;
  -webkit-box-align: center;
  -ms-flex-align: center;
  align-items: center;
  cursor: pointer;
  -webkit-align-self: center;
  -ms-flex-item-align: center;
  align-self: center;
}

.c14 {
  -webkit-text-decoration: underline;
  text-decoration: underline;
  margin-top: 5px;
  color: #00758e;
  font-size: 12px;
  line-height: 15px;
}

.c7 {
  fill: #68b75f;
}

.c12 {
  fill: #68b75f;
}

@media print {
  .c1 {
    color-adjust: exact;
  }
}

@media (hover:none) {
  .c3:hover {
    background-color: transparent;
  }
}

<body>
    <div>
      <div
        class="c0 MuiBox-root"
      >
        <span
          class="c1 MuiCheckbox-root MuiCheckbox-colorPrimary MuiButtonBase-root c2 MuiCheckbox-root MuiCheckbox-colorPrimary PrivateSwitchBase-root c3"
        >
          <input
            class="c4 PrivateSwitchBase-input"
            data-indeterminate="false"
            type="checkbox"
            value="testValue"
          />
          <svg
            aria-hidden="true"
            class="c5 MuiSvgIcon-root MuiSvgIcon-fontSizeMedium"
            data-testid="CheckBoxOutlineBlankIcon"
            focusable="false"
            viewBox="0 0 24 24"
          >
            <path
              d="M19 5v14H5V5h14m0-2H5c-1.1 0-2 .9-2 2v14c0 1.1.9 2 2 2h14c1.1 0 2-.9 2-2V5c0-1.1-.9-2-2-2z"
            />
          </svg>
        </span>
        <div
          class="c6 MuiBox-root"
        >
          <svg
            aria-hidden="true"
            class="c5 MuiSvgIcon-root MuiSvgIcon-fontSizeMedium c7"
            data-testid="AssignmentIcon"
            focusable="false"
            viewBox="0 0 24 24"
          >
            <path
              d="M19 3h-4.18C14.4 1.84 13.3 1 12 1c-1.3 0-2.4.84-2.82 2H5c-1.1 0-2 .9-2 2v14c0 1.1.9 2 2 2h14c1.1 0 2-.9 2-2V5c0-1.1-.9-2-2-2zm-7 0c.55 0 1 .45 1 1s-.45 1-1 1-1-.45-1-1 .45-1 1-1zm2 14H7v-2h7v2zm3-4H7v-2h10v2zm0-4H7V7h10v2z"
            />
          </svg>
          <div
            class="c8 MuiBox-root"
          >
            <p
              class="c9 MuiTypography-root MuiTypography-body1"
            >
              Title
            </p>
            <p
              class="c10 MuiTypography-root MuiTypography-body1"
            >
              ID: ID Last Modified: Invalid Date
            </p>
          </div>
        </div>
        <div
          class="c11 MuiBox-root"
          role="button"
        >
          <svg
            aria-hidden="true"
            class="c5 MuiSvgIcon-root MuiSvgIcon-fontSizeMedium c12"
            data-testid="CheckCircleIcon"
            focusable="false"
            viewBox="0 0 24 24"
          >
            <path
              d="M12 2C6.48 2 2 6.48 2 12s4.48 10 10 10 10-4.48 10-10S17.52 2 12 2zm-2 15-5-5 1.41-1.41L10 14.17l7.59-7.59L19 8l-9 9z"
            />
          </svg>
          <p
            class="c13 MuiTypography-root MuiTypography-body1 c14"
          >
            In Library
          </p>
        </div>
      </div>
    </div>
  </body>,
  "container": .c5 {
  -webkit-user-select: none;
  -moz-user-select: none;
  -ms-user-select: none;
  user-select: none;
  width: 1em;
  height: 1em;
  display: inline-block;
  fill: currentColor;
  -webkit-flex-shrink: 0;
  -ms-flex-negative: 0;
  flex-shrink: 0;
  -webkit-transition: fill 200ms cubic-bezier(0.4,0,0.2,1) 0ms;
  transition: fill 200ms cubic-bezier(0.4,0,0.2,1) 0ms;
  font-size: 1.5rem;
}

.c1 {
  display: -webkit-inline-box;
  display: -webkit-inline-flex;
  display: -ms-inline-flexbox;
  display: inline-flex;
  -webkit-align-items: center;
  -webkit-box-align: center;
  -ms-flex-align: center;
  align-items: center;
  -webkit-box-pack: center;
  -webkit-justify-content: center;
  -ms-flex-pack: center;
  justify-content: center;
  position: relative;
  box-sizing: border-box;
  -webkit-tap-highlight-color: transparent;
  background-color: transparent;
  outline: 0;
  border: 0;
  margin: 0;
  border-radius: 0;
  padding: 0;
  cursor: pointer;
  -webkit-user-select: none;
  -moz-user-select: none;
  -ms-user-select: none;
  user-select: none;
  vertical-align: middle;
  -moz-appearance: none;
  -webkit-appearance: none;
  -webkit-text-decoration: none;
  text-decoration: none;
  color: inherit;
}

.c1::-moz-focus-inner {
  border-style: none;
}

.c1.Mui-disabled {
  pointer-events: none;
  cursor: default;
}

.c9 {
  margin: 0;
  font-family: -apple-system,BlinkMacSystemFont,"Segoe UI",Roboto,Oxygen,Ubuntu,Cantarell,"Fira Sans","Droid Sans","Helvetica Neue",Source Sans Pro,sans-serif;
  font-weight: normal;
  font-size: 1rem;
  line-height: 1.5;
  color: #00758e;
  margin-bottom: 7px;
}

.c10 {
  margin: 0;
  font-family: -apple-system,BlinkMacSystemFont,"Segoe UI",Roboto,Oxygen,Ubuntu,Cantarell,"Fira Sans","Droid Sans","Helvetica Neue",Source Sans Pro,sans-serif;
  font-weight: normal;
  font-size: 1rem;
  line-height: 1.5;
  color: #383838;
}

.c13 {
  margin: 0;
  font-family: -apple-system,BlinkMacSystemFont,"Segoe UI",Roboto,Oxygen,Ubuntu,Cantarell,"Fira Sans","Droid Sans","Helvetica Neue",Source Sans Pro,sans-serif;
  font-weight: normal;
  font-size: 1rem;
  line-height: 1.5;
}

.c6 {
  display: -webkit-box;
  display: -webkit-flex;
  display: -ms-flexbox;
  display: flex;
  -webkit-align-items: center;
  -webkit-box-align: center;
  -ms-flex-align: center;
  align-items: center;
}

.c8 {
  margin-left: 10px;
}

.c2 {
  padding: 9px;
  border-radius: 50%;
}

.c4 {
  cursor: inherit;
  position: absolute;
  opacity: 0;
  width: 100%;
  height: 100%;
  top: 0;
  left: 0;
  margin: 0;
  padding: 0;
  z-index: 1;
}

.c3 {
  color: rgba(0,0,0,0.6);
}

.c3:hover {
  background-color: rgba(0,117,142,0.04);
}

.c3.Mui-checked,
.c3.MuiCheckbox-indeterminate {
  color: #00758e;
}

.c3.Mui-disabled {
  color: rgba(0,0,0,0.26);
}

.c0 {
  display: grid;
  grid-template-rows: 1fr;
  grid-template-columns: 45px 1fr 78px;
  -webkit-align-items: center;
  -webkit-box-align: center;
  -ms-flex-align: center;
  align-items: center;
  padding: 12px 20px;
  background-color: #ffffff;
  box-shadow: 0px -1px 0px #dddddd;
  border-bottom: 1px solid #dddddd;
}

.c11 {
  display: -webkit-box;
  display: -webkit-flex;
  display: -ms-flexbox;
  display: flex;
  -webkit-flex-direction: column;
  -ms-flex-direction: column;
  flex-direction: column;
  -webkit-align-items: center;
  -webkit-box-align: center;
  -ms-flex-align: center;
  align-items: center;
  cursor: pointer;
  -webkit-align-self: center;
  -ms-flex-item-align: center;
  align-self: center;
}

.c14 {
  -webkit-text-decoration: underline;
  text-decoration: underline;
  margin-top: 5px;
  color: #00758e;
  font-size: 12px;
  line-height: 15px;
}

.c7 {
  fill: #68b75f;
}

.c12 {
  fill: #68b75f;
}

@media print {
  .c1 {
    color-adjust: exact;
  }
}

@media (hover:none) {
  .c3:hover {
    background-color: transparent;
  }
}

<div>
    <div
      class="c0 MuiBox-root"
    >
      <span
        class="c1 MuiCheckbox-root MuiCheckbox-colorPrimary MuiButtonBase-root c2 MuiCheckbox-root MuiCheckbox-colorPrimary PrivateSwitchBase-root c3"
      >
        <input
          class="c4 PrivateSwitchBase-input"
          data-indeterminate="false"
          type="checkbox"
          value="testValue"
        />
        <svg
          aria-hidden="true"
          class="c5 MuiSvgIcon-root MuiSvgIcon-fontSizeMedium"
          data-testid="CheckBoxOutlineBlankIcon"
          focusable="false"
          viewBox="0 0 24 24"
        >
          <path
            d="M19 5v14H5V5h14m0-2H5c-1.1 0-2 .9-2 2v14c0 1.1.9 2 2 2h14c1.1 0 2-.9 2-2V5c0-1.1-.9-2-2-2z"
          />
        </svg>
      </span>
      <div
        class="c6 MuiBox-root"
      >
        <svg
          aria-hidden="true"
          class="c5 MuiSvgIcon-root MuiSvgIcon-fontSizeMedium c7"
          data-testid="AssignmentIcon"
          focusable="false"
          viewBox="0 0 24 24"
        >
          <path
            d="M19 3h-4.18C14.4 1.84 13.3 1 12 1c-1.3 0-2.4.84-2.82 2H5c-1.1 0-2 .9-2 2v14c0 1.1.9 2 2 2h14c1.1 0 2-.9 2-2V5c0-1.1-.9-2-2-2zm-7 0c.55 0 1 .45 1 1s-.45 1-1 1-1-.45-1-1 .45-1 1-1zm2 14H7v-2h7v2zm3-4H7v-2h10v2zm0-4H7V7h10v2z"
          />
        </svg>
        <div
          class="c8 MuiBox-root"
        >
          <p
            class="c9 MuiTypography-root MuiTypography-body1"
          >
            Title
          </p>
          <p
            class="c10 MuiTypography-root MuiTypography-body1"
          >
            ID: ID Last Modified: Invalid Date
          </p>
        </div>
      </div>
      <div
        class="c11 MuiBox-root"
        role="button"
      >
        <svg
          aria-hidden="true"
          class="c5 MuiSvgIcon-root MuiSvgIcon-fontSizeMedium c12"
          data-testid="CheckCircleIcon"
          focusable="false"
          viewBox="0 0 24 24"
        >
          <path
            d="M12 2C6.48 2 2 6.48 2 12s4.48 10 10 10 10-4.48 10-10S17.52 2 12 2zm-2 15-5-5 1.41-1.41L10 14.17l7.59-7.59L19 8l-9 9z"
          />
        </svg>
        <p
          class="c13 MuiTypography-root MuiTypography-body1 c14"
        >
          In Library
        </p>
      </div>
    </div>
  </div>,
  "debug": [Function],
  "findAllByAltText": [Function],
  "findAllByDisplayValue": [Function],
  "findAllByLabelText": [Function],
  "findAllByPlaceholderText": [Function],
  "findAllByRole": [Function],
  "findAllByTestId": [Function],
  "findAllByText": [Function],
  "findAllByTitle": [Function],
  "findByAltText": [Function],
  "findByDisplayValue": [Function],
  "findByLabelText": [Function],
  "findByPlaceholderText": [Function],
  "findByRole": [Function],
  "findByTestId": [Function],
  "findByText": [Function],
  "findByTitle": [Function],
  "getAllByAltText": [Function],
  "getAllByDisplayValue": [Function],
  "getAllByLabelText": [Function],
  "getAllByPlaceholderText": [Function],
  "getAllByRole": [Function],
  "getAllByTestId": [Function],
  "getAllByText": [Function],
  "getAllByTitle": [Function],
  "getByAltText": [Function],
  "getByDisplayValue": [Function],
  "getByLabelText": [Function],
  "getByPlaceholderText": [Function],
  "getByRole": [Function],
  "getByTestId": [Function],
  "getByText": [Function],
  "getByTitle": [Function],
  "queryAllByAltText": [Function],
  "queryAllByDisplayValue": [Function],
  "queryAllByLabelText": [Function],
  "queryAllByPlaceholderText": [Function],
  "queryAllByRole": [Function],
  "queryAllByTestId": [Function],
  "queryAllByText": [Function],
  "queryAllByTitle": [Function],
  "queryByAltText": [Function],
  "queryByDisplayValue": [Function],
  "queryByLabelText": [Function],
  "queryByPlaceholderText": [Function],
  "queryByRole": [Function],
  "queryByTestId": [Function],
  "queryByText": [Function],
  "queryByTitle": [Function],
  "rerender": [Function],
  "unmount": [Function],
}
`;
