// Jest Snapshot v1, https://goo.gl/fbAQLP

exports[`<ActivitySettingsResourceList /> renders without crashing 1`] = `
Object {
  "asFragment": [Function],
  "baseElement": .c2 {
  margin: 0;
  color: #080808;
  font-size: 16px;
  font-family: Source Sans Pro;
  font-weight: 400;
  font-style: normal;
}

.c0 {
  display: -webkit-box;
  display: -webkit-flex;
  display: -ms-flexbox;
  display: flex;
  -webkit-flex-direction: column;
  -ms-flex-direction: column;
  flex-direction: column;
  -webkit-align-items: flex-start;
  -webkit-box-align: flex-start;
  -ms-flex-align: flex-start;
  align-items: flex-start;
  padding-left: 10px;
  padding-right: 32px;
  width: 100%;
}

.c1 {
  padding-top: 20px;
  padding-bottom: 20px;
  border-bottom: 1px solid #dddddd;
  width: 100%;
}

<body>
    <div>
      <div
        class="c0 MuiBox-root"
        data-testid="resource-item-list"
      >
        <div
          class="c1 MuiBox-root"
          data-testid="resource-item-id"
        >
          <span
            class="c2 MuiTypography-root MuiTypography-textBasic"
          >
            Ch 49 LearningCurve Adaptive Quiz: Nutrition, Digestion, and Absorption
          </span>
        </div>
        <div
          class="c1 MuiBox-root"
          data-testid="resource-item-id"
        >
          <span
            class="c2 MuiTypography-root MuiTypography-textBasic"
          >
            Ch 49 LearningCurve Adaptive Quiz: Nutrition, Digestion, and Absorption
          </span>
        </div>
      </div>
    </div>
  </body>,
  "container": .c2 {
  margin: 0;
  color: #080808;
  font-size: 16px;
  font-family: Source Sans Pro;
  font-weight: 400;
  font-style: normal;
}

.c0 {
  display: -webkit-box;
  display: -webkit-flex;
  display: -ms-flexbox;
  display: flex;
  -webkit-flex-direction: column;
  -ms-flex-direction: column;
  flex-direction: column;
  -webkit-align-items: flex-start;
  -webkit-box-align: flex-start;
  -ms-flex-align: flex-start;
  align-items: flex-start;
  padding-left: 10px;
  padding-right: 32px;
  width: 100%;
}

.c1 {
  padding-top: 20px;
  padding-bottom: 20px;
  border-bottom: 1px solid #dddddd;
  width: 100%;
}

<div>
    <div
      class="c0 MuiBox-root"
      data-testid="resource-item-list"
    >
      <div
        class="c1 MuiBox-root"
        data-testid="resource-item-id"
      >
        <span
          class="c2 MuiTypography-root MuiTypography-textBasic"
        >
          Ch 49 LearningCurve Adaptive Quiz: Nutrition, Digestion, and Absorption
        </span>
      </div>
      <div
        class="c1 MuiBox-root"
        data-testid="resource-item-id"
      >
        <span
          class="c2 MuiTypography-root MuiTypography-textBasic"
        >
          Ch 49 LearningCurve Adaptive Quiz: Nutrition, Digestion, and Absorption
        </span>
      </div>
    </div>
  </div>,
  "debug": [Function],
  "findAllByAltText": [Function],
  "findAllByDisplayValue": [Function],
  "findAllByLabelText": [Function],
  "findAllByPlaceholderText": [Function],
  "findAllByRole": [Function],
  "findAllByTestId": [Function],
  "findAllByText": [Function],
  "findAllByTitle": [Function],
  "findByAltText": [Function],
  "findByDisplayValue": [Function],
  "findByLabelText": [Function],
  "findByPlaceholderText": [Function],
  "findByRole": [Function],
  "findByTestId": [Function],
  "findByText": [Function],
  "findByTitle": [Function],
  "getAllByAltText": [Function],
  "getAllByDisplayValue": [Function],
  "getAllByLabelText": [Function],
  "getAllByPlaceholderText": [Function],
  "getAllByRole": [Function],
  "getAllByTestId": [Function],
  "getAllByText": [Function],
  "getAllByTitle": [Function],
  "getByAltText": [Function],
  "getByDisplayValue": [Function],
  "getByLabelText": [Function],
  "getByPlaceholderText": [Function],
  "getByRole": [Function],
  "getByTestId": [Function],
  "getByText": [Function],
  "getByTitle": [Function],
  "queryAllByAltText": [Function],
  "queryAllByDisplayValue": [Function],
  "queryAllByLabelText": [Function],
  "queryAllByPlaceholderText": [Function],
  "queryAllByRole": [Function],
  "queryAllByTestId": [Function],
  "queryAllByText": [Function],
  "queryAllByTitle": [Function],
  "queryByAltText": [Function],
  "queryByDisplayValue": [Function],
  "queryByLabelText": [Function],
  "queryByPlaceholderText": [Function],
  "queryByRole": [Function],
  "queryByTestId": [Function],
  "queryByText": [Function],
  "queryByTitle": [Function],
  "rerender": [Function],
  "unmount": [Function],
}
`;
