// Jest Snapshot v1, https://goo.gl/fbAQLP

exports[`<ActivitySettingsSidebar /> renders without crashing 1`] = `
Object {
  "asFragment": [Function],
  "baseElement": .c5 {
  display: -webkit-inline-box;
  display: -webkit-inline-flex;
  display: -ms-inline-flexbox;
  display: inline-flex;
  -webkit-align-items: center;
  -webkit-box-align: center;
  -ms-flex-align: center;
  align-items: center;
  -webkit-box-pack: center;
  -webkit-justify-content: center;
  -ms-flex-pack: center;
  justify-content: center;
  position: relative;
  box-sizing: border-box;
  -webkit-tap-highlight-color: transparent;
  background-color: transparent;
  outline: 0;
  border: 0;
  margin: 0;
  border-radius: 0;
  padding: 0;
  cursor: pointer;
  -webkit-user-select: none;
  -moz-user-select: none;
  -ms-user-select: none;
  user-select: none;
  vertical-align: middle;
  -moz-appearance: none;
  -webkit-appearance: none;
  -webkit-text-decoration: none;
  text-decoration: none;
  color: inherit;
}

.c5::-moz-focus-inner {
  border-style: none;
}

.c5.Mui-disabled {
  pointer-events: none;
  cursor: default;
}

.c3 {
  margin: 0;
  color: #080808;
  font-size: 18px;
  font-family: Source Sans Pro;
  font-weight: 600;
  line-height: 1.167;
}

.c0 {
  display: -webkit-box;
  display: -webkit-flex;
  display: -ms-flexbox;
  display: flex;
  -webkit-flex-direction: column;
  -ms-flex-direction: column;
  flex-direction: column;
  -webkit-box-pack: start;
  -webkit-justify-content: flex-start;
  -ms-flex-pack: start;
  justify-content: flex-start;
  -webkit-align-items: flex-start;
  -webkit-box-align: flex-start;
  -ms-flex-align: flex-start;
  align-items: flex-start;
  padding-bottom: 10px;
  max-width: 20%;
  border-left: 1px solid #dddddd;
}

.c1 {
  display: -webkit-box;
  display: -webkit-flex;
  display: -ms-flexbox;
  display: flex;
  -webkit-box-pack: justify;
  -webkit-justify-content: space-between;
  -ms-flex-pack: justify;
  justify-content: space-between;
  -webkit-align-items: center;
  -webkit-box-align: center;
  -ms-flex-align: center;
  align-items: center;
  height: 64px;
  margin-bottom: 16px;
  padding-left: 10px;
}

.c2 {
  display: -webkit-box;
  display: -webkit-flex;
  display: -ms-flexbox;
  display: flex;
}

.c4 {
  display: -webkit-box;
  display: -webkit-flex;
  display: -ms-flexbox;
  display: flex;
  padding: 0px;
}

.c9 {
  display: -webkit-box;
  display: -webkit-flex;
  display: -ms-flexbox;
  display: flex;
  -webkit-box-pack: justify;
  -webkit-justify-content: space-between;
  -ms-flex-pack: justify;
  justify-content: space-between;
  width: 100%;
}

.c6 {
  font-size: 14px;
  text-transform: uppercase;
  font-family: -apple-system,BlinkMacSystemFont,"Segoe UI",Roboto,Oxygen,Ubuntu,Cantarell,"Fira Sans","Droid Sans","Helvetica Neue",Source Sans Pro,sans-serif;
  font-weight: normal;
  line-height: 1.75;
  min-width: 64px;
  padding: 6px 8px;
  border-radius: 4px;
  -webkit-transition: background-color 250ms cubic-bezier(0.4,0,0.2,1) 0ms,box-shadow 250ms cubic-bezier(0.4,0,0.2,1) 0ms,border-color 250ms cubic-bezier(0.4,0,0.2,1) 0ms,color 250ms cubic-bezier(0.4,0,0.2,1) 0ms;
  transition: background-color 250ms cubic-bezier(0.4,0,0.2,1) 0ms,box-shadow 250ms cubic-bezier(0.4,0,0.2,1) 0ms,border-color 250ms cubic-bezier(0.4,0,0.2,1) 0ms,color 250ms cubic-bezier(0.4,0,0.2,1) 0ms;
  color: #00758e;
}

.c6:hover {
  -webkit-text-decoration: none;
  text-decoration: none;
  background-color: rgba(0,117,142,0.04);
}

.c6.Mui-disabled {
  color: rgba(0,0,0,0.26);
}

.c7 {
  width: 24px;
  min-width: 48px;
  margin: 0 12px;
  height: 48px;
  padding: 0 12px;
  border-radius: 0;
}

.c8 {
  fill: #686868;
}

@media print {
  .c5 {
    color-adjust: exact;
  }
}

@media (hover:none) {
  .c6:hover {
    background-color: transparent;
  }
}

<body>
    <div>
      <div
        class="c0 MuiBox-root"
      >
        <div
          class="c1 MuiBox-root"
        >
          <div
            class="c2 MuiBox-root"
          >
            <h3
              class="c3 MuiTypography-root MuiTypography-h3"
            >
              Selected Resources
            </h3>
          </div>
          <div
            class="c4 MuiBox-root"
          >
            <button
              class="c5 MuiButton-root MuiButton-text MuiButton-textPrimary MuiButton-sizeMedium MuiButton-textSizeMedium MuiButtonBase-root c6 c7"
              data-testid="toggle-close-button"
              label=""
              tabindex="0"
              testid="toggle-close-button"
              type="button"
            >
              <svg
                class="c8"
              >
                x.svg
              </svg>
            </button>
          </div>
        </div>
        <div
          class="c9 MuiBox-root"
        />
      </div>
    </div>
  </body>,
  "container": .c5 {
  display: -webkit-inline-box;
  display: -webkit-inline-flex;
  display: -ms-inline-flexbox;
  display: inline-flex;
  -webkit-align-items: center;
  -webkit-box-align: center;
  -ms-flex-align: center;
  align-items: center;
  -webkit-box-pack: center;
  -webkit-justify-content: center;
  -ms-flex-pack: center;
  justify-content: center;
  position: relative;
  box-sizing: border-box;
  -webkit-tap-highlight-color: transparent;
  background-color: transparent;
  outline: 0;
  border: 0;
  margin: 0;
  border-radius: 0;
  padding: 0;
  cursor: pointer;
  -webkit-user-select: none;
  -moz-user-select: none;
  -ms-user-select: none;
  user-select: none;
  vertical-align: middle;
  -moz-appearance: none;
  -webkit-appearance: none;
  -webkit-text-decoration: none;
  text-decoration: none;
  color: inherit;
}

.c5::-moz-focus-inner {
  border-style: none;
}

.c5.Mui-disabled {
  pointer-events: none;
  cursor: default;
}

.c3 {
  margin: 0;
  color: #080808;
  font-size: 18px;
  font-family: Source Sans Pro;
  font-weight: 600;
  line-height: 1.167;
}

.c0 {
  display: -webkit-box;
  display: -webkit-flex;
  display: -ms-flexbox;
  display: flex;
  -webkit-flex-direction: column;
  -ms-flex-direction: column;
  flex-direction: column;
  -webkit-box-pack: start;
  -webkit-justify-content: flex-start;
  -ms-flex-pack: start;
  justify-content: flex-start;
  -webkit-align-items: flex-start;
  -webkit-box-align: flex-start;
  -ms-flex-align: flex-start;
  align-items: flex-start;
  padding-bottom: 10px;
  max-width: 20%;
  border-left: 1px solid #dddddd;
}

.c1 {
  display: -webkit-box;
  display: -webkit-flex;
  display: -ms-flexbox;
  display: flex;
  -webkit-box-pack: justify;
  -webkit-justify-content: space-between;
  -ms-flex-pack: justify;
  justify-content: space-between;
  -webkit-align-items: center;
  -webkit-box-align: center;
  -ms-flex-align: center;
  align-items: center;
  height: 64px;
  margin-bottom: 16px;
  padding-left: 10px;
}

.c2 {
  display: -webkit-box;
  display: -webkit-flex;
  display: -ms-flexbox;
  display: flex;
}

.c4 {
  display: -webkit-box;
  display: -webkit-flex;
  display: -ms-flexbox;
  display: flex;
  padding: 0px;
}

.c9 {
  display: -webkit-box;
  display: -webkit-flex;
  display: -ms-flexbox;
  display: flex;
  -webkit-box-pack: justify;
  -webkit-justify-content: space-between;
  -ms-flex-pack: justify;
  justify-content: space-between;
  width: 100%;
}

.c6 {
  font-size: 14px;
  text-transform: uppercase;
  font-family: -apple-system,BlinkMacSystemFont,"Segoe UI",Roboto,Oxygen,Ubuntu,Cantarell,"Fira Sans","Droid Sans","Helvetica Neue",Source Sans Pro,sans-serif;
  font-weight: normal;
  line-height: 1.75;
  min-width: 64px;
  padding: 6px 8px;
  border-radius: 4px;
  -webkit-transition: background-color 250ms cubic-bezier(0.4,0,0.2,1) 0ms,box-shadow 250ms cubic-bezier(0.4,0,0.2,1) 0ms,border-color 250ms cubic-bezier(0.4,0,0.2,1) 0ms,color 250ms cubic-bezier(0.4,0,0.2,1) 0ms;
  transition: background-color 250ms cubic-bezier(0.4,0,0.2,1) 0ms,box-shadow 250ms cubic-bezier(0.4,0,0.2,1) 0ms,border-color 250ms cubic-bezier(0.4,0,0.2,1) 0ms,color 250ms cubic-bezier(0.4,0,0.2,1) 0ms;
  color: #00758e;
}

.c6:hover {
  -webkit-text-decoration: none;
  text-decoration: none;
  background-color: rgba(0,117,142,0.04);
}

.c6.Mui-disabled {
  color: rgba(0,0,0,0.26);
}

.c7 {
  width: 24px;
  min-width: 48px;
  margin: 0 12px;
  height: 48px;
  padding: 0 12px;
  border-radius: 0;
}

.c8 {
  fill: #686868;
}

@media print {
  .c5 {
    color-adjust: exact;
  }
}

@media (hover:none) {
  .c6:hover {
    background-color: transparent;
  }
}

<div>
    <div
      class="c0 MuiBox-root"
    >
      <div
        class="c1 MuiBox-root"
      >
        <div
          class="c2 MuiBox-root"
        >
          <h3
            class="c3 MuiTypography-root MuiTypography-h3"
          >
            Selected Resources
          </h3>
        </div>
        <div
          class="c4 MuiBox-root"
        >
          <button
            class="c5 MuiButton-root MuiButton-text MuiButton-textPrimary MuiButton-sizeMedium MuiButton-textSizeMedium MuiButtonBase-root c6 c7"
            data-testid="toggle-close-button"
            label=""
            tabindex="0"
            testid="toggle-close-button"
            type="button"
          >
            <svg
              class="c8"
            >
              x.svg
            </svg>
          </button>
        </div>
      </div>
      <div
        class="c9 MuiBox-root"
      />
    </div>
  </div>,
  "debug": [Function],
  "findAllByAltText": [Function],
  "findAllByDisplayValue": [Function],
  "findAllByLabelText": [Function],
  "findAllByPlaceholderText": [Function],
  "findAllByRole": [Function],
  "findAllByTestId": [Function],
  "findAllByText": [Function],
  "findAllByTitle": [Function],
  "findByAltText": [Function],
  "findByDisplayValue": [Function],
  "findByLabelText": [Function],
  "findByPlaceholderText": [Function],
  "findByRole": [Function],
  "findByTestId": [Function],
  "findByText": [Function],
  "findByTitle": [Function],
  "getAllByAltText": [Function],
  "getAllByDisplayValue": [Function],
  "getAllByLabelText": [Function],
  "getAllByPlaceholderText": [Function],
  "getAllByRole": [Function],
  "getAllByTestId": [Function],
  "getAllByText": [Function],
  "getAllByTitle": [Function],
  "getByAltText": [Function],
  "getByDisplayValue": [Function],
  "getByLabelText": [Function],
  "getByPlaceholderText": [Function],
  "getByRole": [Function],
  "getByTestId": [Function],
  "getByText": [Function],
  "getByTitle": [Function],
  "queryAllByAltText": [Function],
  "queryAllByDisplayValue": [Function],
  "queryAllByLabelText": [Function],
  "queryAllByPlaceholderText": [Function],
  "queryAllByRole": [Function],
  "queryAllByTestId": [Function],
  "queryAllByText": [Function],
  "queryAllByTitle": [Function],
  "queryByAltText": [Function],
  "queryByDisplayValue": [Function],
  "queryByLabelText": [Function],
  "queryByPlaceholderText": [Function],
  "queryByRole": [Function],
  "queryByTestId": [Function],
  "queryByText": [Function],
  "queryByTitle": [Function],
  "rerender": [Function],
  "unmount": [Function],
}
`;
