// Jest Snapshot v1, https://goo.gl/fbAQLP

exports[`<NoFilterResult /> renders without crashing 1`] = `
Object {
  "asFragment": [Function],
  "baseElement": .c3 {
  margin: 0;
  font-family: -apple-system,BlinkMacSystemFont,"Segoe UI",Roboto,Oxygen,Ubuntu,Cantarell,"Fira Sans","Droid Sans","Helvetica Neue",Source Sans Pro,sans-serif;
  font-weight: normal;
  font-size: 1rem;
  line-height: 1.5;
}

.c0 {
  display: -webkit-box;
  display: -webkit-flex;
  display: -ms-flexbox;
  display: flex;
  -webkit-flex-direction: row;
  -ms-flex-direction: row;
  flex-direction: row;
  padding: 20px 66px;
  margin: 20px;
  background-color: #f3f3f3;
  border-radius: 5px;
}

.c1 {
  display: -webkit-box;
  display: -webkit-flex;
  display: -ms-flexbox;
  display: flex;
  min-width: 135px;
  min-height: 135px;
  -webkit-align-items: center;
  -webkit-box-align: center;
  -ms-flex-align: center;
  align-items: center;
  -webkit-box-pack: center;
  -webkit-justify-content: center;
  -ms-flex-pack: center;
  justify-content: center;
}

.c2 {
  margin-left: 35px;
}

.c4 {
  font-size: 18px;
  font-weight: 500;
  margin: 20px 0;
}

.c5 {
  font-size: 14px;
  font-weight: 400;
  line-height: 20px;
}

<body>
    <div>
      <div
        class="c0 MuiBox-root"
      >
        <div
          class="c1 MuiBox-root"
        >
          <img
            alt="No Filter Result"
            src="/NoFilterResult.png"
          />
        </div>
        <div
          class="c2 MuiBox-root"
        >
          <p
            class="c3 MuiTypography-root MuiTypography-body1 c4"
          >
            No items matched your criteria.
          </p>
          <p
            class="c3 MuiTypography-root MuiTypography-body1 c5"
          >
            Double check your filters and try again.
          </p>
        </div>
      </div>
    </div>
  </body>,
  "container": .c3 {
  margin: 0;
  font-family: -apple-system,BlinkMacSystemFont,"Segoe UI",Roboto,Oxygen,Ubuntu,Cantarell,"Fira Sans","Droid Sans","Helvetica Neue",Source Sans Pro,sans-serif;
  font-weight: normal;
  font-size: 1rem;
  line-height: 1.5;
}

.c0 {
  display: -webkit-box;
  display: -webkit-flex;
  display: -ms-flexbox;
  display: flex;
  -webkit-flex-direction: row;
  -ms-flex-direction: row;
  flex-direction: row;
  padding: 20px 66px;
  margin: 20px;
  background-color: #f3f3f3;
  border-radius: 5px;
}

.c1 {
  display: -webkit-box;
  display: -webkit-flex;
  display: -ms-flexbox;
  display: flex;
  min-width: 135px;
  min-height: 135px;
  -webkit-align-items: center;
  -webkit-box-align: center;
  -ms-flex-align: center;
  align-items: center;
  -webkit-box-pack: center;
  -webkit-justify-content: center;
  -ms-flex-pack: center;
  justify-content: center;
}

.c2 {
  margin-left: 35px;
}

.c4 {
  font-size: 18px;
  font-weight: 500;
  margin: 20px 0;
}

.c5 {
  font-size: 14px;
  font-weight: 400;
  line-height: 20px;
}

<div>
    <div
      class="c0 MuiBox-root"
    >
      <div
        class="c1 MuiBox-root"
      >
        <img
          alt="No Filter Result"
          src="/NoFilterResult.png"
        />
      </div>
      <div
        class="c2 MuiBox-root"
      >
        <p
          class="c3 MuiTypography-root MuiTypography-body1 c4"
        >
          No items matched your criteria.
        </p>
        <p
          class="c3 MuiTypography-root MuiTypography-body1 c5"
        >
          Double check your filters and try again.
        </p>
      </div>
    </div>
  </div>,
  "debug": [Function],
  "findAllByAltText": [Function],
  "findAllByDisplayValue": [Function],
  "findAllByLabelText": [Function],
  "findAllByPlaceholderText": [Function],
  "findAllByRole": [Function],
  "findAllByTestId": [Function],
  "findAllByText": [Function],
  "findAllByTitle": [Function],
  "findByAltText": [Function],
  "findByDisplayValue": [Function],
  "findByLabelText": [Function],
  "findByPlaceholderText": [Function],
  "findByRole": [Function],
  "findByTestId": [Function],
  "findByText": [Function],
  "findByTitle": [Function],
  "getAllByAltText": [Function],
  "getAllByDisplayValue": [Function],
  "getAllByLabelText": [Function],
  "getAllByPlaceholderText": [Function],
  "getAllByRole": [Function],
  "getAllByTestId": [Function],
  "getAllByText": [Function],
  "getAllByTitle": [Function],
  "getByAltText": [Function],
  "getByDisplayValue": [Function],
  "getByLabelText": [Function],
  "getByPlaceholderText": [Function],
  "getByRole": [Function],
  "getByTestId": [Function],
  "getByText": [Function],
  "getByTitle": [Function],
  "queryAllByAltText": [Function],
  "queryAllByDisplayValue": [Function],
  "queryAllByLabelText": [Function],
  "queryAllByPlaceholderText": [Function],
  "queryAllByRole": [Function],
  "queryAllByTestId": [Function],
  "queryAllByText": [Function],
  "queryAllByTitle": [Function],
  "queryByAltText": [Function],
  "queryByDisplayValue": [Function],
  "queryByLabelText": [Function],
  "queryByPlaceholderText": [Function],
  "queryByRole": [Function],
  "queryByTestId": [Function],
  "queryByText": [Function],
  "queryByTitle": [Function],
  "rerender": [Function],
  "unmount": [Function],
}
`;
