// Jest Snapshot v1, https://goo.gl/fbAQLP

exports[`<MovePanel /> renders without crashing 1`] = `
Object {
  "asFragment": [Function],
  "baseElement": .c1 {
  display: -webkit-inline-box;
  display: -webkit-inline-flex;
  display: -ms-inline-flexbox;
  display: inline-flex;
  -webkit-align-items: center;
  -webkit-box-align: center;
  -ms-flex-align: center;
  align-items: center;
  -webkit-box-pack: center;
  -webkit-justify-content: center;
  -ms-flex-pack: center;
  justify-content: center;
  position: relative;
  box-sizing: border-box;
  -webkit-tap-highlight-color: transparent;
  background-color: transparent;
  outline: 0;
  border: 0;
  margin: 0;
  border-radius: 0;
  padding: 0;
  cursor: pointer;
  -webkit-user-select: none;
  -moz-user-select: none;
  -ms-user-select: none;
  user-select: none;
  vertical-align: middle;
  -moz-appearance: none;
  -webkit-appearance: none;
  -webkit-text-decoration: none;
  text-decoration: none;
  color: inherit;
}

.c1::-moz-focus-inner {
  border-style: none;
}

.c1.Mui-disabled {
  pointer-events: none;
  cursor: default;
}

.c2 {
  font-size: 14px;
  text-transform: uppercase;
  font-family: -apple-system,BlinkMacSystemFont,"Segoe UI",Roboto,Oxygen,Ubuntu,Cantarell,"Fira Sans","Droid Sans","Helvetica Neue",Source Sans Pro,sans-serif;
  font-weight: normal;
  line-height: 1.75;
  min-width: 64px;
  padding: 6px 16px;
  border-radius: 4px;
  -webkit-transition: background-color 250ms cubic-bezier(0.4,0,0.2,1) 0ms,box-shadow 250ms cubic-bezier(0.4,0,0.2,1) 0ms,border-color 250ms cubic-bezier(0.4,0,0.2,1) 0ms,color 250ms cubic-bezier(0.4,0,0.2,1) 0ms;
  transition: background-color 250ms cubic-bezier(0.4,0,0.2,1) 0ms,box-shadow 250ms cubic-bezier(0.4,0,0.2,1) 0ms,border-color 250ms cubic-bezier(0.4,0,0.2,1) 0ms,color 250ms cubic-bezier(0.4,0,0.2,1) 0ms;
  color: #fff;
  background-color: #00758e;
  box-shadow: 0px 3px 1px -2px rgba(0,0,0,0.2),0px 2px 2px 0px rgba(0,0,0,0.14),0px 1px 5px 0px rgba(0,0,0,0.12);
}

.c2:hover {
  -webkit-text-decoration: none;
  text-decoration: none;
  background-color: rgb(0,81,99);
  box-shadow: 0px 2px 4px -1px rgba(0,0,0,0.2),0px 4px 5px 0px rgba(0,0,0,0.14),0px 1px 10px 0px rgba(0,0,0,0.12);
}

.c2:active {
  box-shadow: 0px 5px 5px -3px rgba(0,0,0,0.2),0px 8px 10px 1px rgba(0,0,0,0.14),0px 3px 14px 2px rgba(0,0,0,0.12);
}

.c2.Mui-focusVisible {
  box-shadow: 0px 3px 5px -1px rgba(0,0,0,0.2),0px 6px 10px 0px rgba(0,0,0,0.14),0px 1px 18px 0px rgba(0,0,0,0.12);
}

.c2.Mui-disabled {
  color: rgba(0,0,0,0.26);
  box-shadow: none;
  background-color: rgba(0,0,0,0.12);
}

.c0 {
  display: -webkit-box;
  display: -webkit-flex;
  display: -ms-flexbox;
  display: flex;
  -webkit-flex-flow: column nowrap;
  -ms-flex-flow: column nowrap;
  flex-flow: column nowrap;
}

.c0 button {
  margin-top: 5px;
  padding: 0px;
  width: 40px;
  min-width: 40px;
}

.c7 {
  border: 1px solid gray;
  margin-top: 10px;
  margin-bottom: 10px;
  position: relative;
  left: 5px;
  width: 40px;
}

.c6 {
  width: 24px;
  height: 24px;
  color: #ffffff;
  fill: #ffffff;
  background-color: transparent;
}

.c8 {
  width: 24px;
  height: 24px;
  color: #ffffff;
  fill: #ffffff;
  background-color: transparent;
}

.c3 {
  width: 24px;
  height: 24px;
  color: #ffffff;
  fill: #ffffff;
  background-color: transparent;
}

.c4 {
  width: 24px;
  height: 24px;
  color: #ffffff;
  fill: #ffffff;
  background-color: transparent;
}

.c5 {
  width: 24px;
  height: 24px;
  color: #ffffff;
  fill: #ffffff;
  background-color: transparent;
}

@media print {
  .c1 {
    color-adjust: exact;
  }
}

@media (hover:none) {
  .c2:hover {
    background-color: #00758e;
  }
}

<body>
    <div>
      <div
        class="c0"
      >
        <button
          class="c1 MuiButton-root MuiButton-contained MuiButton-containedPrimary MuiButton-sizeMedium MuiButton-containedSizeMedium MuiButtonBase-root c2"
          tabindex="0"
          type="button"
        >
          <svg
            class="c3"
          >
            angle_double_up.svg
          </svg>
        </button>
        <button
          class="c1 MuiButton-root MuiButton-contained MuiButton-containedPrimary MuiButton-sizeMedium MuiButton-containedSizeMedium MuiButtonBase-root c2"
          tabindex="0"
          type="button"
        >
          <svg
            class="c4"
          >
            angle_up.svg
          </svg>
        </button>
        <button
          class="c1 MuiButton-root MuiButton-contained MuiButton-containedPrimary MuiButton-sizeMedium MuiButton-containedSizeMedium MuiButtonBase-root c2"
          tabindex="0"
          type="button"
        >
          <svg
            class="c5"
          >
            angle_down.svg
          </svg>
        </button>
        <button
          class="c1 MuiButton-root MuiButton-contained MuiButton-containedPrimary MuiButton-sizeMedium MuiButton-containedSizeMedium MuiButtonBase-root c2"
          tabindex="0"
          type="button"
        >
          <svg
            class="c6"
          >
            angle_double_down.svg
          </svg>
        </button>
        <div
          class="c7"
        />
        <button
          class="c1 MuiButton-root MuiButton-contained MuiButton-containedPrimary MuiButton-sizeMedium MuiButton-containedSizeMedium MuiButtonBase-root c2"
          tabindex="0"
          type="button"
        >
          <svg
            class="c8"
          >
            arrows.svg
          </svg>
        </button>
      </div>
    </div>
  </body>,
  "container": .c1 {
  display: -webkit-inline-box;
  display: -webkit-inline-flex;
  display: -ms-inline-flexbox;
  display: inline-flex;
  -webkit-align-items: center;
  -webkit-box-align: center;
  -ms-flex-align: center;
  align-items: center;
  -webkit-box-pack: center;
  -webkit-justify-content: center;
  -ms-flex-pack: center;
  justify-content: center;
  position: relative;
  box-sizing: border-box;
  -webkit-tap-highlight-color: transparent;
  background-color: transparent;
  outline: 0;
  border: 0;
  margin: 0;
  border-radius: 0;
  padding: 0;
  cursor: pointer;
  -webkit-user-select: none;
  -moz-user-select: none;
  -ms-user-select: none;
  user-select: none;
  vertical-align: middle;
  -moz-appearance: none;
  -webkit-appearance: none;
  -webkit-text-decoration: none;
  text-decoration: none;
  color: inherit;
}

.c1::-moz-focus-inner {
  border-style: none;
}

.c1.Mui-disabled {
  pointer-events: none;
  cursor: default;
}

.c2 {
  font-size: 14px;
  text-transform: uppercase;
  font-family: -apple-system,BlinkMacSystemFont,"Segoe UI",Roboto,Oxygen,Ubuntu,Cantarell,"Fira Sans","Droid Sans","Helvetica Neue",Source Sans Pro,sans-serif;
  font-weight: normal;
  line-height: 1.75;
  min-width: 64px;
  padding: 6px 16px;
  border-radius: 4px;
  -webkit-transition: background-color 250ms cubic-bezier(0.4,0,0.2,1) 0ms,box-shadow 250ms cubic-bezier(0.4,0,0.2,1) 0ms,border-color 250ms cubic-bezier(0.4,0,0.2,1) 0ms,color 250ms cubic-bezier(0.4,0,0.2,1) 0ms;
  transition: background-color 250ms cubic-bezier(0.4,0,0.2,1) 0ms,box-shadow 250ms cubic-bezier(0.4,0,0.2,1) 0ms,border-color 250ms cubic-bezier(0.4,0,0.2,1) 0ms,color 250ms cubic-bezier(0.4,0,0.2,1) 0ms;
  color: #fff;
  background-color: #00758e;
  box-shadow: 0px 3px 1px -2px rgba(0,0,0,0.2),0px 2px 2px 0px rgba(0,0,0,0.14),0px 1px 5px 0px rgba(0,0,0,0.12);
}

.c2:hover {
  -webkit-text-decoration: none;
  text-decoration: none;
  background-color: rgb(0,81,99);
  box-shadow: 0px 2px 4px -1px rgba(0,0,0,0.2),0px 4px 5px 0px rgba(0,0,0,0.14),0px 1px 10px 0px rgba(0,0,0,0.12);
}

.c2:active {
  box-shadow: 0px 5px 5px -3px rgba(0,0,0,0.2),0px 8px 10px 1px rgba(0,0,0,0.14),0px 3px 14px 2px rgba(0,0,0,0.12);
}

.c2.Mui-focusVisible {
  box-shadow: 0px 3px 5px -1px rgba(0,0,0,0.2),0px 6px 10px 0px rgba(0,0,0,0.14),0px 1px 18px 0px rgba(0,0,0,0.12);
}

.c2.Mui-disabled {
  color: rgba(0,0,0,0.26);
  box-shadow: none;
  background-color: rgba(0,0,0,0.12);
}

.c0 {
  display: -webkit-box;
  display: -webkit-flex;
  display: -ms-flexbox;
  display: flex;
  -webkit-flex-flow: column nowrap;
  -ms-flex-flow: column nowrap;
  flex-flow: column nowrap;
}

.c0 button {
  margin-top: 5px;
  padding: 0px;
  width: 40px;
  min-width: 40px;
}

.c7 {
  border: 1px solid gray;
  margin-top: 10px;
  margin-bottom: 10px;
  position: relative;
  left: 5px;
  width: 40px;
}

.c6 {
  width: 24px;
  height: 24px;
  color: #ffffff;
  fill: #ffffff;
  background-color: transparent;
}

.c8 {
  width: 24px;
  height: 24px;
  color: #ffffff;
  fill: #ffffff;
  background-color: transparent;
}

.c3 {
  width: 24px;
  height: 24px;
  color: #ffffff;
  fill: #ffffff;
  background-color: transparent;
}

.c4 {
  width: 24px;
  height: 24px;
  color: #ffffff;
  fill: #ffffff;
  background-color: transparent;
}

.c5 {
  width: 24px;
  height: 24px;
  color: #ffffff;
  fill: #ffffff;
  background-color: transparent;
}

@media print {
  .c1 {
    color-adjust: exact;
  }
}

@media (hover:none) {
  .c2:hover {
    background-color: #00758e;
  }
}

<div>
    <div
      class="c0"
    >
      <button
        class="c1 MuiButton-root MuiButton-contained MuiButton-containedPrimary MuiButton-sizeMedium MuiButton-containedSizeMedium MuiButtonBase-root c2"
        tabindex="0"
        type="button"
      >
        <svg
          class="c3"
        >
          angle_double_up.svg
        </svg>
      </button>
      <button
        class="c1 MuiButton-root MuiButton-contained MuiButton-containedPrimary MuiButton-sizeMedium MuiButton-containedSizeMedium MuiButtonBase-root c2"
        tabindex="0"
        type="button"
      >
        <svg
          class="c4"
        >
          angle_up.svg
        </svg>
      </button>
      <button
        class="c1 MuiButton-root MuiButton-contained MuiButton-containedPrimary MuiButton-sizeMedium MuiButton-containedSizeMedium MuiButtonBase-root c2"
        tabindex="0"
        type="button"
      >
        <svg
          class="c5"
        >
          angle_down.svg
        </svg>
      </button>
      <button
        class="c1 MuiButton-root MuiButton-contained MuiButton-containedPrimary MuiButton-sizeMedium MuiButton-containedSizeMedium MuiButtonBase-root c2"
        tabindex="0"
        type="button"
      >
        <svg
          class="c6"
        >
          angle_double_down.svg
        </svg>
      </button>
      <div
        class="c7"
      />
      <button
        class="c1 MuiButton-root MuiButton-contained MuiButton-containedPrimary MuiButton-sizeMedium MuiButton-containedSizeMedium MuiButtonBase-root c2"
        tabindex="0"
        type="button"
      >
        <svg
          class="c8"
        >
          arrows.svg
        </svg>
      </button>
    </div>
  </div>,
  "debug": [Function],
  "findAllByAltText": [Function],
  "findAllByDisplayValue": [Function],
  "findAllByLabelText": [Function],
  "findAllByPlaceholderText": [Function],
  "findAllByRole": [Function],
  "findAllByTestId": [Function],
  "findAllByText": [Function],
  "findAllByTitle": [Function],
  "findByAltText": [Function],
  "findByDisplayValue": [Function],
  "findByLabelText": [Function],
  "findByPlaceholderText": [Function],
  "findByRole": [Function],
  "findByTestId": [Function],
  "findByText": [Function],
  "findByTitle": [Function],
  "getAllByAltText": [Function],
  "getAllByDisplayValue": [Function],
  "getAllByLabelText": [Function],
  "getAllByPlaceholderText": [Function],
  "getAllByRole": [Function],
  "getAllByTestId": [Function],
  "getAllByText": [Function],
  "getAllByTitle": [Function],
  "getByAltText": [Function],
  "getByDisplayValue": [Function],
  "getByLabelText": [Function],
  "getByPlaceholderText": [Function],
  "getByRole": [Function],
  "getByTestId": [Function],
  "getByText": [Function],
  "getByTitle": [Function],
  "queryAllByAltText": [Function],
  "queryAllByDisplayValue": [Function],
  "queryAllByLabelText": [Function],
  "queryAllByPlaceholderText": [Function],
  "queryAllByRole": [Function],
  "queryAllByTestId": [Function],
  "queryAllByText": [Function],
  "queryAllByTitle": [Function],
  "queryByAltText": [Function],
  "queryByDisplayValue": [Function],
  "queryByLabelText": [Function],
  "queryByPlaceholderText": [Function],
  "queryByRole": [Function],
  "queryByTestId": [Function],
  "queryByText": [Function],
  "queryByTitle": [Function],
  "rerender": [Function],
  "unmount": [Function],
}
`;
