// Jest Snapshot v1, https://goo.gl/fbAQLP

exports[`<Select /> renders without crashing 1`] = `
.c8 {
  -webkit-user-select: none;
  -moz-user-select: none;
  -ms-user-select: none;
  user-select: none;
  width: 1em;
  height: 1em;
  display: inline-block;
  fill: currentColor;
  -webkit-flex-shrink: 0;
  -ms-flex-negative: 0;
  flex-shrink: 0;
  -webkit-transition: fill 200ms cubic-bezier(0.4,0,0.2,1) 0ms;
  transition: fill 200ms cubic-bezier(0.4,0,0.2,1) 0ms;
  font-size: 1.5rem;
}

.c0 {
  font-family: -apple-system,BlinkMacSystemFont,"Segoe UI",Roboto,Oxygen,Ubuntu,Cantarell,"Fira Sans","Droid Sans","Helvetica Neue",Source Sans Pro,sans-serif;
  font-weight: normal;
  font-size: 1rem;
  line-height: 1.4375em;
  color: rgba(0,0,0,0.87);
  box-sizing: border-box;
  position: relative;
  cursor: text;
  display: -webkit-inline-box;
  display: -webkit-inline-flex;
  display: -ms-inline-flexbox;
  display: inline-flex;
  -webkit-align-items: center;
  -webkit-box-align: center;
  -ms-flex-align: center;
  align-items: center;
}

.c0.Mui-disabled {
  color: rgba(0,0,0,0.38);
  cursor: default;
}

.c5 {
  font: inherit;
  -webkit-letter-spacing: inherit;
  -moz-letter-spacing: inherit;
  -ms-letter-spacing: inherit;
  letter-spacing: inherit;
  color: currentColor;
  padding: 4px 0 5px;
  border: 0;
  box-sizing: content-box;
  background: none;
  height: 1.4375em;
  margin: 0;
  -webkit-tap-highlight-color: transparent;
  display: block;
  min-width: 0;
  width: 100%;
  -webkit-animation-name: mui-auto-fill-cancel;
  animation-name: mui-auto-fill-cancel;
  -webkit-animation-duration: 10ms;
  animation-duration: 10ms;
}

.c5::-webkit-input-placeholder {
  color: currentColor;
  opacity: 0.42;
  -webkit-transition: opacity 200ms cubic-bezier(0.4,0,0.2,1) 0ms;
  transition: opacity 200ms cubic-bezier(0.4,0,0.2,1) 0ms;
}

.c5::-moz-placeholder {
  color: currentColor;
  opacity: 0.42;
  -webkit-transition: opacity 200ms cubic-bezier(0.4,0,0.2,1) 0ms;
  transition: opacity 200ms cubic-bezier(0.4,0,0.2,1) 0ms;
}

.c5:-ms-input-placeholder {
  color: currentColor;
  opacity: 0.42;
  -webkit-transition: opacity 200ms cubic-bezier(0.4,0,0.2,1) 0ms;
  transition: opacity 200ms cubic-bezier(0.4,0,0.2,1) 0ms;
}

.c5::-ms-input-placeholder {
  color: currentColor;
  opacity: 0.42;
  -webkit-transition: opacity 200ms cubic-bezier(0.4,0,0.2,1) 0ms;
  transition: opacity 200ms cubic-bezier(0.4,0,0.2,1) 0ms;
}

.c5:focus {
  outline: 0;
}

.c5:invalid {
  box-shadow: none;
}

.c5::-webkit-search-decoration {
  -webkit-appearance: none;
}

label[data-shrink=false] + .MuiInputBase-formControl .c4::-webkit-input-placeholder {
  opacity: 0 !important;
}

label[data-shrink=false] + .MuiInputBase-formControl .c4::-moz-placeholder {
  opacity: 0 !important;
}

label[data-shrink=false] + .MuiInputBase-formControl .c4:-ms-input-placeholder {
  opacity: 0 !important;
}

label[data-shrink=false] + .MuiInputBase-formControl .c4::-ms-input-placeholder {
  opacity: 0 !important;
}

label[data-shrink=false] + .MuiInputBase-formControl .c4:focus::-webkit-input-placeholder {
  opacity: 0.42;
}

label[data-shrink=false] + .MuiInputBase-formControl .c4:focus::-moz-placeholder {
  opacity: 0.42;
}

label[data-shrink=false] + .MuiInputBase-formControl .c4:focus:-ms-input-placeholder {
  opacity: 0.42;
}

label[data-shrink=false] + .MuiInputBase-formControl .c4:focus::-ms-input-placeholder {
  opacity: 0.42;
}

.c5.Mui-disabled {
  opacity: 1;
  -webkit-text-fill-color: rgba(0,0,0,0.38);
}

.c5:-webkit-autofill {
  -webkit-animation-duration: 5000s;
  animation-duration: 5000s;
  -webkit-animation-name: mui-auto-fill;
  animation-name: mui-auto-fill;
}

.c10 {
  text-align: left;
  position: absolute;
  bottom: 0;
  right: 0;
  top: -5px;
  left: 0;
  margin: 0;
  padding: 0 8px;
  pointer-events: none;
  border-radius: inherit;
  border-style: solid;
  border-width: 1px;
  overflow: hidden;
  min-width: 0%;
}

.c12 {
  float: unset;
  overflow: hidden;
  padding: 0;
  line-height: 11px;
  -webkit-transition: width 150ms cubic-bezier(0.0,0,0.2,1) 0ms;
  transition: width 150ms cubic-bezier(0.0,0,0.2,1) 0ms;
}

.c1 {
  position: relative;
  border-radius: 4px;
}

.c1:hover .MuiOutlinedInput-notchedOutline {
  border-color: rgba(0,0,0,0.87);
}

.c1.Mui-focused .MuiOutlinedInput-notchedOutline {
  border-color: #00758e;
  border-width: 2px;
}

.c1.Mui-error .MuiOutlinedInput-notchedOutline {
  border-color: #d32f2f;
}

.c1.Mui-disabled .MuiOutlinedInput-notchedOutline {
  border-color: rgba(0,0,0,0.26);
}

.c11 {
  border-color: rgba(0,0,0,0.23);
}

.c6 {
  padding: 16.5px 14px;
}

.c6:-webkit-autofill {
  border-radius: inherit;
}

.c3 {
  -moz-appearance: none;
  -webkit-appearance: none;
  -webkit-user-select: none;
  -moz-user-select: none;
  -ms-user-select: none;
  user-select: none;
  border-radius: 4px;
  cursor: pointer;
}

.c3:focus {
  border-radius: 4px;
}

.c3::-ms-expand {
  display: none;
}

.c3.Mui-disabled {
  cursor: default;
}

.c3[multiple] {
  height: auto;
}

.c3:not([multiple]) option,
.c3:not([multiple]) optgroup {
  background-color: #ffffff;
}

.c3.c3.c3 {
  padding-right: 32px;
}

.c3.MuiSelect-select {
  height: auto;
  min-height: 1.4375em;
  text-overflow: ellipsis;
  white-space: nowrap;
  overflow: hidden;
}

.c9 {
  position: absolute;
  right: 7px;
  top: calc(50% - .5em);
  pointer-events: none;
  color: rgba(0,0,0,0.54);
}

.c9.Mui-disabled {
  color: rgba(0,0,0,0.26);
}

.c7 {
  bottom: 0;
  left: 0;
  position: absolute;
  opacity: 0;
  pointer-events: none;
  width: 100%;
  box-sizing: border-box;
}

.c2 {
  border: 1px solid #989898;
  border-radius: 0;
  outline: none;
}

.c2 .MuiSelect-icon {
  fill: #00758e;
}

.c2 .MuiSelect-select {
  padding: 4px 37px 4px 6px;
  min-width: 160px;
  box-sizing: border-box;
  color: #080808;
}

.c2 fieldset {
  border: none;
}

@media (hover:none) {
  .c1:hover .MuiOutlinedInput-notchedOutline {
    border-color: rgba(0,0,0,0.23);
  }
}

<div
  className="c0 c1 MuiOutlinedInput-root MuiInputBase-root MuiInputBase-colorPrimary MuiSelect-root-kTniIo c2"
  onClick={[Function]}
>
  <div
    aria-expanded="false"
    aria-haspopup="listbox"
    className="c3 MuiSelect-select MuiSelect-outlined c4 c5 c6 MuiOutlinedInput-input MuiInputBase-input"
    onBlur={[Function]}
    onFocus={[Function]}
    onKeyDown={[Function]}
    onMouseDown={[Function]}
    role="button"
    tabIndex={0}
  >
    label 1
  </div>
  <input
    aria-hidden={true}
    className="c7 MuiSelect-nativeInput"
    data-testid="Select"
    disabled={false}
    onAnimationStart={[Function]}
    onChange={[Function]}
    tabIndex={-1}
    value="1"
  />
  <svg
    aria-hidden={true}
    className="c8 MuiSvgIcon-root MuiSvgIcon-fontSizeMedium c9 MuiSelect-icon MuiSelect-iconOutlined"
    data-testid="ArrowDropDownIcon"
    focusable="false"
    viewBox="0 0 24 24"
  >
    <path
      d="M7 10l5 5 5-5z"
    />
  </svg>
  <fieldset
    aria-hidden={true}
    className="c10 c11 MuiOutlinedInput-notchedOutline"
  >
    <legend
      className="c12"
    >
      <span
        className="notranslate"
      >
        â€‹
      </span>
    </legend>
  </fieldset>
</div>
`;
