// Jest Snapshot v1, https://goo.gl/fbAQLP

exports[`<LoginPage /> renders without crashing 1`] = `
Object {
  "asFragment": [Function],
  "baseElement": .c0 {
  background-color: #fff;
  color: rgba(0,0,0,0.87);
  -webkit-transition: box-shadow 300ms cubic-bezier(0.4,0,0.2,1) 0ms;
  transition: box-shadow 300ms cubic-bezier(0.4,0,0.2,1) 0ms;
  border-radius: 4px;
  box-shadow: 0px 2px 1px -1px rgba(0,0,0,0.2),0px 1px 1px 0px rgba(0,0,0,0.14),0px 1px 3px 0px rgba(0,0,0,0.12);
}

.c1 {
  overflow: hidden;
}

.c6 {
  display: -webkit-box;
  display: -webkit-flex;
  display: -ms-flexbox;
  display: flex;
  -webkit-align-items: center;
  -webkit-box-align: center;
  -ms-flex-align: center;
  align-items: center;
  padding: 8px;
}

.c6 > :not(:first-of-type) {
  margin-left: 8px;
}

.c3 {
  padding: 16px;
}

.c3:last-child {
  padding-bottom: 24px;
}

.c4 {
  margin: 0;
  font-family: "Roboto","Helvetica","Arial",sans-serif;
  font-weight: 300;
  font-size: 3.75rem;
  line-height: 1.2;
  -webkit-letter-spacing: -0.00833em;
  -moz-letter-spacing: -0.00833em;
  -ms-letter-spacing: -0.00833em;
  letter-spacing: -0.00833em;
}

.c5 {
  margin: 0;
  font-family: "Roboto","Helvetica","Arial",sans-serif;
  font-weight: 400;
  font-size: 1rem;
  line-height: 1.5;
  -webkit-letter-spacing: 0.00938em;
  -moz-letter-spacing: 0.00938em;
  -ms-letter-spacing: 0.00938em;
  letter-spacing: 0.00938em;
  color: rgba(0,0,0,0.6);
  margin-bottom: 12px;
}

.c2 {
  width: 350px;
  padding: 1em;
  margin: 3em auto;
  text-align: center;
}

.c7 {
  -webkit-box-pack: center;
  -webkit-justify-content: center;
  -ms-flex-pack: center;
  justify-content: center;
}

<body>
    <div>
      <div
        class="c0 MuiPaper-root MuiPaper-elevation MuiPaper-rounded MuiPaper-elevation1 c1 MuiCard-root c2"
      >
        <div
          class="c3 MuiCardContent-root"
        >
          <div
            class="c4 MuiTypography-root MuiTypography-h2"
          >
            Macmillan Course Assembly
          </div>
          <p
            class="c5 MuiTypography-root MuiTypography-body1"
          >
            Please login with your Macmillan Google account.
          </p>
        </div>
        <div
          class="c6 MuiCardActions-root MuiCardActions-spacing c7"
        >
          <div />
        </div>
      </div>
    </div>
  </body>,
  "container": .c0 {
  background-color: #fff;
  color: rgba(0,0,0,0.87);
  -webkit-transition: box-shadow 300ms cubic-bezier(0.4,0,0.2,1) 0ms;
  transition: box-shadow 300ms cubic-bezier(0.4,0,0.2,1) 0ms;
  border-radius: 4px;
  box-shadow: 0px 2px 1px -1px rgba(0,0,0,0.2),0px 1px 1px 0px rgba(0,0,0,0.14),0px 1px 3px 0px rgba(0,0,0,0.12);
}

.c1 {
  overflow: hidden;
}

.c6 {
  display: -webkit-box;
  display: -webkit-flex;
  display: -ms-flexbox;
  display: flex;
  -webkit-align-items: center;
  -webkit-box-align: center;
  -ms-flex-align: center;
  align-items: center;
  padding: 8px;
}

.c6 > :not(:first-of-type) {
  margin-left: 8px;
}

.c3 {
  padding: 16px;
}

.c3:last-child {
  padding-bottom: 24px;
}

.c4 {
  margin: 0;
  font-family: "Roboto","Helvetica","Arial",sans-serif;
  font-weight: 300;
  font-size: 3.75rem;
  line-height: 1.2;
  -webkit-letter-spacing: -0.00833em;
  -moz-letter-spacing: -0.00833em;
  -ms-letter-spacing: -0.00833em;
  letter-spacing: -0.00833em;
}

.c5 {
  margin: 0;
  font-family: "Roboto","Helvetica","Arial",sans-serif;
  font-weight: 400;
  font-size: 1rem;
  line-height: 1.5;
  -webkit-letter-spacing: 0.00938em;
  -moz-letter-spacing: 0.00938em;
  -ms-letter-spacing: 0.00938em;
  letter-spacing: 0.00938em;
  color: rgba(0,0,0,0.6);
  margin-bottom: 12px;
}

.c2 {
  width: 350px;
  padding: 1em;
  margin: 3em auto;
  text-align: center;
}

.c7 {
  -webkit-box-pack: center;
  -webkit-justify-content: center;
  -ms-flex-pack: center;
  justify-content: center;
}

<div>
    <div
      class="c0 MuiPaper-root MuiPaper-elevation MuiPaper-rounded MuiPaper-elevation1 c1 MuiCard-root c2"
    >
      <div
        class="c3 MuiCardContent-root"
      >
        <div
          class="c4 MuiTypography-root MuiTypography-h2"
        >
          Macmillan Course Assembly
        </div>
        <p
          class="c5 MuiTypography-root MuiTypography-body1"
        >
          Please login with your Macmillan Google account.
        </p>
      </div>
      <div
        class="c6 MuiCardActions-root MuiCardActions-spacing c7"
      >
        <div />
      </div>
    </div>
  </div>,
  "debug": [Function],
  "findAllByAltText": [Function],
  "findAllByDisplayValue": [Function],
  "findAllByLabelText": [Function],
  "findAllByPlaceholderText": [Function],
  "findAllByRole": [Function],
  "findAllByTestId": [Function],
  "findAllByText": [Function],
  "findAllByTitle": [Function],
  "findByAltText": [Function],
  "findByDisplayValue": [Function],
  "findByLabelText": [Function],
  "findByPlaceholderText": [Function],
  "findByRole": [Function],
  "findByTestId": [Function],
  "findByText": [Function],
  "findByTitle": [Function],
  "getAllByAltText": [Function],
  "getAllByDisplayValue": [Function],
  "getAllByLabelText": [Function],
  "getAllByPlaceholderText": [Function],
  "getAllByRole": [Function],
  "getAllByTestId": [Function],
  "getAllByText": [Function],
  "getAllByTitle": [Function],
  "getByAltText": [Function],
  "getByDisplayValue": [Function],
  "getByLabelText": [Function],
  "getByPlaceholderText": [Function],
  "getByRole": [Function],
  "getByTestId": [Function],
  "getByText": [Function],
  "getByTitle": [Function],
  "queryAllByAltText": [Function],
  "queryAllByDisplayValue": [Function],
  "queryAllByLabelText": [Function],
  "queryAllByPlaceholderText": [Function],
  "queryAllByRole": [Function],
  "queryAllByTestId": [Function],
  "queryAllByText": [Function],
  "queryAllByTitle": [Function],
  "queryByAltText": [Function],
  "queryByDisplayValue": [Function],
  "queryByLabelText": [Function],
  "queryByPlaceholderText": [Function],
  "queryByRole": [Function],
  "queryByTestId": [Function],
  "queryByText": [Function],
  "queryByTitle": [Function],
  "rerender": [Function],
  "unmount": [Function],
}
`;
