// Jest Snapshot v1, https://goo.gl/fbAQLP

exports[`<Sidebar /> renders without crashing 1`] = `
Object {
  "asFragment": [Function],
  "baseElement": .c13 {
  -webkit-user-select: none;
  -moz-user-select: none;
  -ms-user-select: none;
  user-select: none;
  width: 1em;
  height: 1em;
  display: inline-block;
  fill: currentColor;
  -webkit-flex-shrink: 0;
  -ms-flex-negative: 0;
  flex-shrink: 0;
  -webkit-transition: fill 200ms cubic-bezier(0.4,0,0.2,1) 0ms;
  transition: fill 200ms cubic-bezier(0.4,0,0.2,1) 0ms;
  font-size: 1.5rem;
}

.c2 {
  background-color: #ffffff;
  color: rgba(0,0,0,0.87);
  -webkit-transition: box-shadow 300ms cubic-bezier(0.4,0,0.2,1) 0ms;
  transition: box-shadow 300ms cubic-bezier(0.4,0,0.2,1) 0ms;
  box-shadow: none;
}

.c5 {
  display: -webkit-inline-box;
  display: -webkit-inline-flex;
  display: -ms-inline-flexbox;
  display: inline-flex;
  -webkit-align-items: center;
  -webkit-box-align: center;
  -ms-flex-align: center;
  align-items: center;
  -webkit-box-pack: center;
  -webkit-justify-content: center;
  -ms-flex-pack: center;
  justify-content: center;
  position: relative;
  box-sizing: border-box;
  -webkit-tap-highlight-color: transparent;
  background-color: transparent;
  outline: 0;
  border: 0;
  margin: 0;
  border-radius: 0;
  padding: 0;
  cursor: pointer;
  -webkit-user-select: none;
  -moz-user-select: none;
  -ms-user-select: none;
  user-select: none;
  vertical-align: middle;
  -moz-appearance: none;
  -webkit-appearance: none;
  -webkit-text-decoration: none;
  text-decoration: none;
  color: inherit;
}

.c5::-moz-focus-inner {
  border-style: none;
}

.c5.Mui-disabled {
  pointer-events: none;
  cursor: default;
}

.c6 {
  text-align: center;
  -webkit-flex: 0 0 auto;
  -ms-flex: 0 0 auto;
  flex: 0 0 auto;
  font-size: 1.5rem;
  padding: 8px;
  border-radius: 50%;
  overflow: visible;
  color: rgba(0,0,0,0.54);
  -webkit-transition: background-color 150ms cubic-bezier(0.4,0,0.2,1) 0ms;
  transition: background-color 150ms cubic-bezier(0.4,0,0.2,1) 0ms;
}

.c6:hover {
  background-color: rgba(0,0,0,0.04);
}

.c6.Mui-disabled {
  background-color: transparent;
  color: rgba(0,0,0,0.26);
}

.c0 {
  -webkit-flex: 0 0 auto;
  -ms-flex: 0 0 auto;
  flex: 0 0 auto;
}

.c3 {
  overflow-y: auto;
  display: -webkit-box;
  display: -webkit-flex;
  display: -ms-flexbox;
  display: flex;
  -webkit-flex-direction: column;
  -ms-flex-direction: column;
  flex-direction: column;
  height: 100%;
  -webkit-flex: 1 0 auto;
  -ms-flex: 1 0 auto;
  flex: 1 0 auto;
  z-index: 1200;
  -webkit-overflow-scrolling: touch;
  position: fixed;
  top: 0;
  outline: 0;
  left: 0;
  border-right: 1px solid rgba(0,0,0,0.12);
}

.c4 {
  list-style: none;
  margin: 0;
  padding: 0;
  position: relative;
  padding-top: 8px;
  padding-bottom: 8px;
}

.c9 {
  border: 1px solid #686868;
  margin-top: 10px;
  margin-bottom: 10px;
  position: relative;
}

.c7 {
  background: #00758e !important;
  margin: 0px !important;
  height: 48px !important;
  width: 100%;
  border-radius: 0px !important;
  box-sizing: border-box !important;
}

.c7 svg {
  fill: #ffffff;
  color: #ffffff;
}

.c10 {
  background: 0;
  margin: 0px !important;
  height: 48px !important;
  width: 100%;
  border-radius: 0px !important;
  box-sizing: border-box !important;
}

.c10 svg {
  fill: 0;
  color: 0;
}

.c1 .MuiDrawer-paper {
  width: 72px;
  margin-top: 64px;
  height: calc(100% - 64px);
  background: #383838;
  border: 0;
}

.c8 {
  width: 24px;
  height: 24px;
  color: #ccc;
  fill: #ccc;
  background-color: transparent;
}

.c11 {
  width: 24px;
  height: 24px;
  color: #ccc;
  fill: #ccc;
  background-color: transparent;
}

.c12 {
  width: 24px;
  height: 24px;
  color: #ccc;
  fill: #ccc;
  background-color: transparent;
}

.c15 {
  width: 24px;
  height: 24px;
  color: #ccc;
  fill: #ccc;
  background-color: transparent;
}

.c14 {
  width: 24px;
  height: 24px;
  color: #ccc;
  fill: #ccc;
  background-color: transparent;
}

@media print {
  .c5 {
    color-adjust: exact;
  }
}

@media (hover:none) {
  .c6:hover {
    background-color: transparent;
  }
}

<body>
    <div>
      <div
        class="c0 MuiDrawer-root MuiDrawer-docked c1"
      >
        <div
          class="c2 MuiPaper-root MuiPaper-elevation MuiPaper-elevation0 c3 MuiDrawer-paper MuiDrawer-paperAnchorLeft MuiDrawer-paperAnchorDockedLeft"
        >
          <ul
            class="c4 MuiList-root MuiList-padding"
          >
            <button
              active="1"
              aria-label="button undefined"
              class="c5 MuiButtonBase-root c6 MuiIconButton-root MuiIconButton-sizeMedium c7"
              tabindex="0"
              type="button"
              variant="text"
            >
              <svg
                class="c8"
                title="Template List"
              >
                home.svg
              </svg>
            </button>
            <div
              class="c9"
            />
            <button
              active="0"
              aria-label="button undefined"
              class="c5 MuiButtonBase-root c6 MuiIconButton-root MuiIconButton-sizeMedium c10"
              tabindex="0"
              type="button"
              variant="text"
            >
              <svg
                class="c11"
                title="Search Content"
              >
                search.svg
              </svg>
            </button>
            <button
              active="0"
              aria-label="button undefined"
              class="c5 MuiButtonBase-root c6 MuiIconButton-root MuiIconButton-sizeMedium c10"
              tabindex="0"
              type="button"
              variant="text"
            >
              <svg
                class="c12"
                title="Resources"
              >
                list_left.svg
              </svg>
            </button>
            <button
              active="0"
              aria-label="button Project Plan"
              class="c5 MuiButtonBase-root c6 MuiIconButton-root MuiIconButton-sizeMedium c10"
              tabindex="0"
              title="Project Plan"
              type="button"
              variant="text"
            >
              <svg
                aria-hidden="true"
                class="c13 MuiSvgIcon-root MuiSvgIcon-fontSizeMedium c14"
                data-testid="InsertDriveFileOutlinedIcon"
                focusable="false"
                viewBox="0 0 24 24"
              >
                <path
                  d="M14 2H6c-1.1 0-1.99.9-1.99 2L4 20c0 1.1.89 2 1.99 2H18c1.1 0 2-.9 2-2V8l-6-6zM6 20V4h7v5h5v11H6z"
                />
              </svg>
            </button>
            <div
              class="c9"
            />
            <button
              active="0"
              aria-label="button undefined"
              class="c5 MuiButtonBase-root c6 MuiIconButton-root MuiIconButton-sizeMedium c10"
              tabindex="0"
              type="button"
              variant="text"
            >
              <svg
                class="c15"
                title="Edit Settings"
              >
                cog.svg
              </svg>
            </button>
          </ul>
        </div>
      </div>
    </div>
  </body>,
  "container": .c13 {
  -webkit-user-select: none;
  -moz-user-select: none;
  -ms-user-select: none;
  user-select: none;
  width: 1em;
  height: 1em;
  display: inline-block;
  fill: currentColor;
  -webkit-flex-shrink: 0;
  -ms-flex-negative: 0;
  flex-shrink: 0;
  -webkit-transition: fill 200ms cubic-bezier(0.4,0,0.2,1) 0ms;
  transition: fill 200ms cubic-bezier(0.4,0,0.2,1) 0ms;
  font-size: 1.5rem;
}

.c2 {
  background-color: #ffffff;
  color: rgba(0,0,0,0.87);
  -webkit-transition: box-shadow 300ms cubic-bezier(0.4,0,0.2,1) 0ms;
  transition: box-shadow 300ms cubic-bezier(0.4,0,0.2,1) 0ms;
  box-shadow: none;
}

.c5 {
  display: -webkit-inline-box;
  display: -webkit-inline-flex;
  display: -ms-inline-flexbox;
  display: inline-flex;
  -webkit-align-items: center;
  -webkit-box-align: center;
  -ms-flex-align: center;
  align-items: center;
  -webkit-box-pack: center;
  -webkit-justify-content: center;
  -ms-flex-pack: center;
  justify-content: center;
  position: relative;
  box-sizing: border-box;
  -webkit-tap-highlight-color: transparent;
  background-color: transparent;
  outline: 0;
  border: 0;
  margin: 0;
  border-radius: 0;
  padding: 0;
  cursor: pointer;
  -webkit-user-select: none;
  -moz-user-select: none;
  -ms-user-select: none;
  user-select: none;
  vertical-align: middle;
  -moz-appearance: none;
  -webkit-appearance: none;
  -webkit-text-decoration: none;
  text-decoration: none;
  color: inherit;
}

.c5::-moz-focus-inner {
  border-style: none;
}

.c5.Mui-disabled {
  pointer-events: none;
  cursor: default;
}

.c6 {
  text-align: center;
  -webkit-flex: 0 0 auto;
  -ms-flex: 0 0 auto;
  flex: 0 0 auto;
  font-size: 1.5rem;
  padding: 8px;
  border-radius: 50%;
  overflow: visible;
  color: rgba(0,0,0,0.54);
  -webkit-transition: background-color 150ms cubic-bezier(0.4,0,0.2,1) 0ms;
  transition: background-color 150ms cubic-bezier(0.4,0,0.2,1) 0ms;
}

.c6:hover {
  background-color: rgba(0,0,0,0.04);
}

.c6.Mui-disabled {
  background-color: transparent;
  color: rgba(0,0,0,0.26);
}

.c0 {
  -webkit-flex: 0 0 auto;
  -ms-flex: 0 0 auto;
  flex: 0 0 auto;
}

.c3 {
  overflow-y: auto;
  display: -webkit-box;
  display: -webkit-flex;
  display: -ms-flexbox;
  display: flex;
  -webkit-flex-direction: column;
  -ms-flex-direction: column;
  flex-direction: column;
  height: 100%;
  -webkit-flex: 1 0 auto;
  -ms-flex: 1 0 auto;
  flex: 1 0 auto;
  z-index: 1200;
  -webkit-overflow-scrolling: touch;
  position: fixed;
  top: 0;
  outline: 0;
  left: 0;
  border-right: 1px solid rgba(0,0,0,0.12);
}

.c4 {
  list-style: none;
  margin: 0;
  padding: 0;
  position: relative;
  padding-top: 8px;
  padding-bottom: 8px;
}

.c9 {
  border: 1px solid #686868;
  margin-top: 10px;
  margin-bottom: 10px;
  position: relative;
}

.c7 {
  background: #00758e !important;
  margin: 0px !important;
  height: 48px !important;
  width: 100%;
  border-radius: 0px !important;
  box-sizing: border-box !important;
}

.c7 svg {
  fill: #ffffff;
  color: #ffffff;
}

.c10 {
  background: 0;
  margin: 0px !important;
  height: 48px !important;
  width: 100%;
  border-radius: 0px !important;
  box-sizing: border-box !important;
}

.c10 svg {
  fill: 0;
  color: 0;
}

.c1 .MuiDrawer-paper {
  width: 72px;
  margin-top: 64px;
  height: calc(100% - 64px);
  background: #383838;
  border: 0;
}

.c8 {
  width: 24px;
  height: 24px;
  color: #ccc;
  fill: #ccc;
  background-color: transparent;
}

.c11 {
  width: 24px;
  height: 24px;
  color: #ccc;
  fill: #ccc;
  background-color: transparent;
}

.c12 {
  width: 24px;
  height: 24px;
  color: #ccc;
  fill: #ccc;
  background-color: transparent;
}

.c15 {
  width: 24px;
  height: 24px;
  color: #ccc;
  fill: #ccc;
  background-color: transparent;
}

.c14 {
  width: 24px;
  height: 24px;
  color: #ccc;
  fill: #ccc;
  background-color: transparent;
}

@media print {
  .c5 {
    color-adjust: exact;
  }
}

@media (hover:none) {
  .c6:hover {
    background-color: transparent;
  }
}

<div>
    <div
      class="c0 MuiDrawer-root MuiDrawer-docked c1"
    >
      <div
        class="c2 MuiPaper-root MuiPaper-elevation MuiPaper-elevation0 c3 MuiDrawer-paper MuiDrawer-paperAnchorLeft MuiDrawer-paperAnchorDockedLeft"
      >
        <ul
          class="c4 MuiList-root MuiList-padding"
        >
          <button
            active="1"
            aria-label="button undefined"
            class="c5 MuiButtonBase-root c6 MuiIconButton-root MuiIconButton-sizeMedium c7"
            tabindex="0"
            type="button"
            variant="text"
          >
            <svg
              class="c8"
              title="Template List"
            >
              home.svg
            </svg>
          </button>
          <div
            class="c9"
          />
          <button
            active="0"
            aria-label="button undefined"
            class="c5 MuiButtonBase-root c6 MuiIconButton-root MuiIconButton-sizeMedium c10"
            tabindex="0"
            type="button"
            variant="text"
          >
            <svg
              class="c11"
              title="Search Content"
            >
              search.svg
            </svg>
          </button>
          <button
            active="0"
            aria-label="button undefined"
            class="c5 MuiButtonBase-root c6 MuiIconButton-root MuiIconButton-sizeMedium c10"
            tabindex="0"
            type="button"
            variant="text"
          >
            <svg
              class="c12"
              title="Resources"
            >
              list_left.svg
            </svg>
          </button>
          <button
            active="0"
            aria-label="button Project Plan"
            class="c5 MuiButtonBase-root c6 MuiIconButton-root MuiIconButton-sizeMedium c10"
            tabindex="0"
            title="Project Plan"
            type="button"
            variant="text"
          >
            <svg
              aria-hidden="true"
              class="c13 MuiSvgIcon-root MuiSvgIcon-fontSizeMedium c14"
              data-testid="InsertDriveFileOutlinedIcon"
              focusable="false"
              viewBox="0 0 24 24"
            >
              <path
                d="M14 2H6c-1.1 0-1.99.9-1.99 2L4 20c0 1.1.89 2 1.99 2H18c1.1 0 2-.9 2-2V8l-6-6zM6 20V4h7v5h5v11H6z"
              />
            </svg>
          </button>
          <div
            class="c9"
          />
          <button
            active="0"
            aria-label="button undefined"
            class="c5 MuiButtonBase-root c6 MuiIconButton-root MuiIconButton-sizeMedium c10"
            tabindex="0"
            type="button"
            variant="text"
          >
            <svg
              class="c15"
              title="Edit Settings"
            >
              cog.svg
            </svg>
          </button>
        </ul>
      </div>
    </div>
  </div>,
  "debug": [Function],
  "findAllByAltText": [Function],
  "findAllByDisplayValue": [Function],
  "findAllByLabelText": [Function],
  "findAllByPlaceholderText": [Function],
  "findAllByRole": [Function],
  "findAllByTestId": [Function],
  "findAllByText": [Function],
  "findAllByTitle": [Function],
  "findByAltText": [Function],
  "findByDisplayValue": [Function],
  "findByLabelText": [Function],
  "findByPlaceholderText": [Function],
  "findByRole": [Function],
  "findByTestId": [Function],
  "findByText": [Function],
  "findByTitle": [Function],
  "getAllByAltText": [Function],
  "getAllByDisplayValue": [Function],
  "getAllByLabelText": [Function],
  "getAllByPlaceholderText": [Function],
  "getAllByRole": [Function],
  "getAllByTestId": [Function],
  "getAllByText": [Function],
  "getAllByTitle": [Function],
  "getByAltText": [Function],
  "getByDisplayValue": [Function],
  "getByLabelText": [Function],
  "getByPlaceholderText": [Function],
  "getByRole": [Function],
  "getByTestId": [Function],
  "getByText": [Function],
  "getByTitle": [Function],
  "queryAllByAltText": [Function],
  "queryAllByDisplayValue": [Function],
  "queryAllByLabelText": [Function],
  "queryAllByPlaceholderText": [Function],
  "queryAllByRole": [Function],
  "queryAllByTestId": [Function],
  "queryAllByText": [Function],
  "queryAllByTitle": [Function],
  "queryByAltText": [Function],
  "queryByDisplayValue": [Function],
  "queryByLabelText": [Function],
  "queryByPlaceholderText": [Function],
  "queryByRole": [Function],
  "queryByTestId": [Function],
  "queryByText": [Function],
  "queryByTitle": [Function],
  "rerender": [Function],
  "unmount": [Function],
}
`;
