// Jest Snapshot v1, https://goo.gl/fbAQLP

exports[`<ReursiveTreeViewActivitySettings /> renders without crashing 1`] = `
Object {
  "asFragment": [Function],
  "baseElement": .c2 {
  margin: 0;
  color: #080808;
  font-size: 16px;
  font-family: Source Sans Pro;
  font-weight: 400;
  font-style: normal;
  color: #383838;
  line-height: 24px;
}

.c3 {
  margin: 0;
  color: #080808;
  font-size: 16px;
  font-family: Source Sans Pro;
  font-weight: 600;
  line-height: 1.235;
}

.c0 {
  display: -webkit-box;
  display: -webkit-flex;
  display: -ms-flexbox;
  display: flex;
  -webkit-align-items: center;
  -webkit-box-align: center;
  -ms-flex-align: center;
  align-items: center;
  -webkit-box-pack: justify;
  -webkit-justify-content: space-between;
  -ms-flex-pack: justify;
  justify-content: space-between;
}

.c1 {
  display: -webkit-box;
  display: -webkit-flex;
  display: -ms-flexbox;
  display: flex;
  -webkit-flex-direction: column;
  -ms-flex-direction: column;
  flex-direction: column;
  margin-right: 10px;
}

<body>
    <div>
      <div
        class="c0 MuiBox-root"
        data-testid=""
      >
        <div
          class="c1 MuiBox-root"
        >
          <span
            class="c2 MuiTypography-root MuiTypography-textBasic"
          >
            Activity Setting:
          </span>
          <h4
            aria-label="Activity Setting 1"
            class="c3 MuiTypography-root MuiTypography-h4"
            data-mui-internal-clone-element="true"
          >
            Activity Setting 1
          </h4>
        </div>
        <div
          class="c1 MuiBox-root"
        >
          <span
            class="c2 MuiTypography-root MuiTypography-textBasic"
          >
            Recommend Use:
          </span>
          <h4
            class="c3 MuiTypography-root MuiTypography-h4"
          >
            none
          </h4>
        </div>
        <div
          class="c1 MuiBox-root"
        >
          <span
            class="c2 MuiTypography-root MuiTypography-textBasic"
          >
            Visibility:
          </span>
          <h4
            class="c3 MuiTypography-root MuiTypography-h4"
          >
            Available
          </h4>
        </div>
      </div>
    </div>
  </body>,
  "container": .c2 {
  margin: 0;
  color: #080808;
  font-size: 16px;
  font-family: Source Sans Pro;
  font-weight: 400;
  font-style: normal;
  color: #383838;
  line-height: 24px;
}

.c3 {
  margin: 0;
  color: #080808;
  font-size: 16px;
  font-family: Source Sans Pro;
  font-weight: 600;
  line-height: 1.235;
}

.c0 {
  display: -webkit-box;
  display: -webkit-flex;
  display: -ms-flexbox;
  display: flex;
  -webkit-align-items: center;
  -webkit-box-align: center;
  -ms-flex-align: center;
  align-items: center;
  -webkit-box-pack: justify;
  -webkit-justify-content: space-between;
  -ms-flex-pack: justify;
  justify-content: space-between;
}

.c1 {
  display: -webkit-box;
  display: -webkit-flex;
  display: -ms-flexbox;
  display: flex;
  -webkit-flex-direction: column;
  -ms-flex-direction: column;
  flex-direction: column;
  margin-right: 10px;
}

<div>
    <div
      class="c0 MuiBox-root"
      data-testid=""
    >
      <div
        class="c1 MuiBox-root"
      >
        <span
          class="c2 MuiTypography-root MuiTypography-textBasic"
        >
          Activity Setting:
        </span>
        <h4
          aria-label="Activity Setting 1"
          class="c3 MuiTypography-root MuiTypography-h4"
          data-mui-internal-clone-element="true"
        >
          Activity Setting 1
        </h4>
      </div>
      <div
        class="c1 MuiBox-root"
      >
        <span
          class="c2 MuiTypography-root MuiTypography-textBasic"
        >
          Recommend Use:
        </span>
        <h4
          class="c3 MuiTypography-root MuiTypography-h4"
        >
          none
        </h4>
      </div>
      <div
        class="c1 MuiBox-root"
      >
        <span
          class="c2 MuiTypography-root MuiTypography-textBasic"
        >
          Visibility:
        </span>
        <h4
          class="c3 MuiTypography-root MuiTypography-h4"
        >
          Available
        </h4>
      </div>
    </div>
  </div>,
  "debug": [Function],
  "findAllByAltText": [Function],
  "findAllByDisplayValue": [Function],
  "findAllByLabelText": [Function],
  "findAllByPlaceholderText": [Function],
  "findAllByRole": [Function],
  "findAllByTestId": [Function],
  "findAllByText": [Function],
  "findAllByTitle": [Function],
  "findByAltText": [Function],
  "findByDisplayValue": [Function],
  "findByLabelText": [Function],
  "findByPlaceholderText": [Function],
  "findByRole": [Function],
  "findByTestId": [Function],
  "findByText": [Function],
  "findByTitle": [Function],
  "getAllByAltText": [Function],
  "getAllByDisplayValue": [Function],
  "getAllByLabelText": [Function],
  "getAllByPlaceholderText": [Function],
  "getAllByRole": [Function],
  "getAllByTestId": [Function],
  "getAllByText": [Function],
  "getAllByTitle": [Function],
  "getByAltText": [Function],
  "getByDisplayValue": [Function],
  "getByLabelText": [Function],
  "getByPlaceholderText": [Function],
  "getByRole": [Function],
  "getByTestId": [Function],
  "getByText": [Function],
  "getByTitle": [Function],
  "queryAllByAltText": [Function],
  "queryAllByDisplayValue": [Function],
  "queryAllByLabelText": [Function],
  "queryAllByPlaceholderText": [Function],
  "queryAllByRole": [Function],
  "queryAllByTestId": [Function],
  "queryAllByText": [Function],
  "queryAllByTitle": [Function],
  "queryByAltText": [Function],
  "queryByDisplayValue": [Function],
  "queryByLabelText": [Function],
  "queryByPlaceholderText": [Function],
  "queryByRole": [Function],
  "queryByTestId": [Function],
  "queryByText": [Function],
  "queryByTitle": [Function],
  "rerender": [Function],
  "unmount": [Function],
}
`;
