// Jest Snapshot v1, https://goo.gl/fbAQLP

exports[`<RadioButtonsGroup /> renders correctly 1`] = `
.c0 {
  display: -webkit-box;
  display: -webkit-flex;
  display: -ms-flexbox;
  display: flex;
  -webkit-flex-direction: column;
  -ms-flex-direction: column;
  flex-direction: column;
  -webkit-flex-wrap: wrap;
  -ms-flex-wrap: wrap;
  flex-wrap: wrap;
}

.c7 {
  -webkit-user-select: none;
  -moz-user-select: none;
  -ms-user-select: none;
  user-select: none;
  width: 1em;
  height: 1em;
  display: inline-block;
  fill: currentColor;
  -webkit-flex-shrink: 0;
  -ms-flex-negative: 0;
  flex-shrink: 0;
  -webkit-transition: fill 200ms cubic-bezier(0.4,0,0.2,1) 0ms;
  transition: fill 200ms cubic-bezier(0.4,0,0.2,1) 0ms;
  font-size: 1.25rem;
}

.c2 {
  display: -webkit-inline-box;
  display: -webkit-inline-flex;
  display: -ms-inline-flexbox;
  display: inline-flex;
  -webkit-align-items: center;
  -webkit-box-align: center;
  -ms-flex-align: center;
  align-items: center;
  -webkit-box-pack: center;
  -webkit-justify-content: center;
  -ms-flex-pack: center;
  justify-content: center;
  position: relative;
  box-sizing: border-box;
  -webkit-tap-highlight-color: transparent;
  background-color: transparent;
  outline: 0;
  border: 0;
  margin: 0;
  border-radius: 0;
  padding: 0;
  cursor: pointer;
  -webkit-user-select: none;
  -moz-user-select: none;
  -ms-user-select: none;
  user-select: none;
  vertical-align: middle;
  -moz-appearance: none;
  -webkit-appearance: none;
  -webkit-text-decoration: none;
  text-decoration: none;
  color: inherit;
}

.c2::-moz-focus-inner {
  border-style: none;
}

.c2.Mui-disabled {
  pointer-events: none;
  cursor: default;
}

.c10 {
  margin: 0;
  font-family: -apple-system,BlinkMacSystemFont,"Segoe UI",Roboto,Oxygen,Ubuntu,Cantarell,"Fira Sans","Droid Sans","Helvetica Neue",Source Sans Pro,sans-serif;
  font-weight: normal;
  font-size: 1rem;
  line-height: 1.5;
}

.c3 {
  padding: 9px;
  border-radius: 50%;
}

.c5 {
  cursor: inherit;
  position: absolute;
  opacity: 0;
  width: 100%;
  height: 100%;
  top: 0;
  left: 0;
  margin: 0;
  padding: 0;
  z-index: 1;
}

.c1 {
  display: -webkit-inline-box;
  display: -webkit-inline-flex;
  display: -ms-inline-flexbox;
  display: inline-flex;
  -webkit-align-items: center;
  -webkit-box-align: center;
  -ms-flex-align: center;
  align-items: center;
  cursor: pointer;
  vertical-align: middle;
  -webkit-tap-highlight-color: transparent;
  margin-left: -11px;
  margin-right: 16px;
}

.c1.Mui-disabled {
  cursor: default;
}

.c1 .MuiFormControlLabel-label.Mui-disabled {
  color: rgba(0,0,0,0.38);
}

.c6 {
  position: relative;
  display: -webkit-box;
  display: -webkit-flex;
  display: -ms-flexbox;
  display: flex;
}

.c8 {
  -webkit-transform: scale(1);
  -ms-transform: scale(1);
  transform: scale(1);
}

.c9 {
  left: 0;
  position: absolute;
  -webkit-transform: scale(0);
  -ms-transform: scale(0);
  transform: scale(0);
  -webkit-transition: -webkit-transform 150ms cubic-bezier(0.4,0,1,1) 0ms;
  -webkit-transition: transform 150ms cubic-bezier(0.4,0,1,1) 0ms;
  transition: transform 150ms cubic-bezier(0.4,0,1,1) 0ms;
}

.c4 {
  color: rgba(0,0,0,0.6);
}

.c4:hover {
  background-color: rgba(0,117,142,0.04);
}

.c4.Mui-checked {
  color: #00758e;
}

.c4.Mui-disabled {
  color: rgba(0,0,0,0.26);
}

@media print {
  .c2 {
    color-adjust: exact;
  }
}

@media (hover:none) {
  .c4:hover {
    background-color: transparent;
  }
}

<div
  className="c0 MuiFormGroup-root"
  role="radiogroup"
>
  <label
    className="c1 MuiFormControlLabel-root MuiFormControlLabel-labelPlacementEnd"
  >
    <span
      className="c2 MuiRadio-root MuiRadio-colorPrimary MuiButtonBase-root c3 MuiRadio-root MuiRadio-colorPrimary PrivateSwitchBase-root c4"
      onBlur={[Function]}
      onContextMenu={[Function]}
      onDragLeave={[Function]}
      onFocus={[Function]}
      onKeyDown={[Function]}
      onKeyUp={[Function]}
      onMouseDown={[Function]}
      onMouseLeave={[Function]}
      onMouseUp={[Function]}
      onTouchEnd={[Function]}
      onTouchMove={[Function]}
      onTouchStart={[Function]}
      tabIndex={null}
    >
      <input
        checked={false}
        className="c5 PrivateSwitchBase-input"
        data-testid="RadioButton"
        disabled={false}
        onChange={[Function]}
        type="radio"
        value="1"
      />
      <span
        className="c6"
      >
        <svg
          aria-hidden={true}
          className="c7 MuiSvgIcon-root MuiSvgIcon-fontSizeSmall c8"
          data-testid="RadioButtonUncheckedIcon"
          focusable="false"
          viewBox="0 0 24 24"
        >
          <path
            d="M12 2C6.48 2 2 6.48 2 12s4.48 10 10 10 10-4.48 10-10S17.52 2 12 2zm0 18c-4.42 0-8-3.58-8-8s3.58-8 8-8 8 3.58 8 8-3.58 8-8 8z"
          />
        </svg>
        <svg
          aria-hidden={true}
          className="c7 MuiSvgIcon-root MuiSvgIcon-fontSizeSmall c9"
          data-testid="RadioButtonCheckedIcon"
          focusable="false"
          viewBox="0 0 24 24"
        >
          <path
            d="M8.465 8.465C9.37 7.56 10.62 7 12 7C14.76 7 17 9.24 17 12C17 13.38 16.44 14.63 15.535 15.535C14.63 16.44 13.38 17 12 17C9.24 17 7 14.76 7 12C7 10.62 7.56 9.37 8.465 8.465Z"
          />
        </svg>
      </span>
    </span>
    <span
      className="c10 MuiTypography-root MuiTypography-body1 MuiFormControlLabel-label"
    >
      label 1
    </span>
  </label>
  <label
    className="c1 MuiFormControlLabel-root MuiFormControlLabel-labelPlacementEnd"
  >
    <span
      className="c2 MuiRadio-root MuiRadio-colorPrimary MuiButtonBase-root c3 MuiRadio-root MuiRadio-colorPrimary PrivateSwitchBase-root Mui-checked c4"
      onBlur={[Function]}
      onContextMenu={[Function]}
      onDragLeave={[Function]}
      onFocus={[Function]}
      onKeyDown={[Function]}
      onKeyUp={[Function]}
      onMouseDown={[Function]}
      onMouseLeave={[Function]}
      onMouseUp={[Function]}
      onTouchEnd={[Function]}
      onTouchMove={[Function]}
      onTouchStart={[Function]}
      tabIndex={null}
    >
      <input
        checked={true}
        className="c5 PrivateSwitchBase-input"
        data-testid="RadioButton"
        disabled={false}
        onChange={[Function]}
        type="radio"
        value="2"
      />
      <svg
        fontSize="small"
        height={24}
        width={24}
      >
        checkbox_checked.svg
      </svg>
    </span>
    <span
      className="c10 MuiTypography-root MuiTypography-body1 MuiFormControlLabel-label"
    >
      label 2
    </span>
  </label>
</div>
`;
